Removed Pin From Net: NetName=GND Pin=BMP-1-1
Removed Pin From Net: NetName=CS Pin=BMP-1-2
Removed Pin From Net: NetName=SDA Pin=BMP-1-3
Removed Pin From Net: NetName=SCL Pin=BMP-1-4
Removed Pin From Net: NetName=CS Pin=BMP-1-6
Removed Pin From Net: NetName=GND Pin=BMP-1-7
Removed Pin From Net: NetName=CS Pin=BMP-1-8
Removed Pin From Net: NetName=VDD33 Pin=C1-1
Removed Pin From Net: NetName=GND Pin=C1-2
Removed Pin From Net: NetName=VDD33 Pin=C2-1
Removed Pin From Net: NetName=GND Pin=C2-2
Removed Pin From Net: NetName=GND Pin=C3-1
Removed Pin From Net: NetName=VCC5 Pin=C4-1
Removed Pin From Net: NetName=GND Pin=C4-2
Removed Pin From Net: NetName=VCC5 Pin=C5-1
Removed Pin From Net: NetName=GND Pin=C5-2
Removed Pin From Net: NetName=VDD33 Pin=C6-1
Removed Pin From Net: NetName=GND Pin=C6-2
Removed Pin From Net: NetName=CS Pin=C7-1
Removed Pin From Net: NetName=GND Pin=C7-2
Removed Pin From Net: NetName=CS Pin=C8-1
Removed Pin From Net: NetName=GND Pin=C8-2
Removed Pin From Net: NetName=GND Pin=cn1-1
Removed Pin From Net: NetName=GND Pin=ESP32-1
Removed Pin From Net: NetName=VDD33 Pin=ESP32-2
Removed Pin From Net: NetName=3BTN Pin=ESP32-6
Removed Pin From Net: NetName=4BTN Pin=ESP32-7
Removed Pin From Net: NetName=1BTN Pin=ESP32-8
Removed Pin From Net: NetName=2BTN Pin=ESP32-9
Removed Pin From Net: NetName=LED_RED Pin=ESP32-10
Removed Pin From Net: NetName=LED_GREEN Pin=ESP32-11
Removed Pin From Net: NetName=LED_BLUE Pin=ESP32-12
Removed Pin From Net: NetName=AN-1 Pin=ESP32-13
Removed Pin From Net: NetName=CT-3 Pin=ESP32-14
Removed Pin From Net: NetName=GND Pin=ESP32-15
Removed Pin From Net: NetName=CT-4 Pin=ESP32-16
Removed Pin From Net: NetName=AN-2 Pin=ESP32-23
Removed Pin From Net: NetName=BootBTN Pin=ESP32-25
Removed Pin From Net: NetName=CT-1 Pin=ESP32-26
Removed Pin From Net: NetName=AN-3 Pin=ESP32-27
Removed Pin From Net: NetName=AN-4 Pin=ESP32-28
Removed Pin From Net: NetName=CT-2 Pin=ESP32-29
Removed Pin From Net: NetName=SCL Pin=ESP32-30
Removed Pin From Net: NetName=SDA Pin=ESP32-31
Removed Pin From Net: NetName=GND Pin=ESP32-38
Removed Pin From Net: NetName=GND Pin=ESP32-39
Removed Pin From Net: NetName=GND Pin=ESP32-39
Removed Pin From Net: NetName=GND Pin=ESP32-39
Removed Pin From Net: NetName=GND Pin=ESP32-39
Removed Pin From Net: NetName=GND Pin=ESP32-39
Removed Pin From Net: NetName=GND Pin=ESP32-39
Removed Pin From Net: NetName=GND Pin=ESP32-39
Removed Pin From Net: NetName=GND Pin=ESP32-39
Removed Pin From Net: NetName=GND Pin=ESP32-39
Removed Pin From Net: NetName=VCC5 Pin=PW1-9
Removed Pin From Net: NetName=GND Pin=PW1-10
Removed Pin From Net: NetName=VCC5 Pin=PW2-9
Removed Pin From Net: NetName=GND Pin=PW2-10
Removed Pin From Net: NetName=D0 Pin=R1-1
Removed Pin From Net: NetName=VDD33 Pin=R2-2
Removed Pin From Net: NetName=D1 Pin=R3-1
Removed Pin From Net: NetName=D2 Pin=R4-1
Removed Pin From Net: NetName=D3 Pin=R5-1
Removed Pin From Net: NetName=D4 Pin=R6-1
Removed Pin From Net: NetName=D5 Pin=R7-1
Removed Pin From Net: NetName=D6 Pin=R8-1
Removed Pin From Net: NetName=D7 Pin=R9-1
Removed Pin From Net: NetName=D8 Pin=R10-1
Removed Pin From Net: NetName=D9 Pin=R11-1
Removed Pin From Net: NetName=A1 Pin=R12-1
Removed Pin From Net: NetName=A2 Pin=R13-1
Removed Pin From Net: NetName=A3 Pin=R14-1
Removed Pin From Net: NetName=A4 Pin=R15-1
Removed Pin From Net: NetName=A5 Pin=R16-1
Removed Pin From Net: NetName=A6 Pin=R17-1
Removed Pin From Net: NetName=VDD33 Pin=R19-1
Removed Pin From Net: NetName=SDA Pin=R19-2
Removed Pin From Net: NetName=VDD33 Pin=R20-1
Removed Pin From Net: NetName=SCL Pin=R20-2
Removed Pin From Net: NetName=SDA Pin=SHT-1-1
Removed Pin From Net: NetName=GND Pin=SHT-1-2
Removed Pin From Net: NetName=SCL Pin=SHT-1-4
Removed Pin From Net: NetName=VDD33 Pin=SHT-1-5
Removed Pin From Net: NetName=GND Pin=SHT-1-8
Removed Pin From Net: NetName=GND Pin=SHT-1-9
Removed Pin From Net: NetName=GND Pin=SW1-1
Removed Pin From Net: NetName=GND Pin=SW1-2
Removed Pin From Net: NetName=BootBTN Pin=SW1-3
Removed Pin From Net: NetName=BootBTN Pin=SW1-4
Removed Pin From Net: NetName=GND Pin=SW2-1
Removed Pin From Net: NetName=GND Pin=SW2-2
Removed Pin From Net: NetName=GND Pin=SW2-3
Removed Pin From Net: NetName=1BTN Pin=SW2-A'
Removed Pin From Net: NetName=GND Pin=SW2-A
Removed Pin From Net: NetName=GND Pin=SW3-1
Removed Pin From Net: NetName=GND Pin=SW3-2
Removed Pin From Net: NetName=GND Pin=SW3-3
Removed Pin From Net: NetName=2BTN Pin=SW3-A'
Removed Pin From Net: NetName=GND Pin=SW3-A
Removed Pin From Net: NetName=GND Pin=SW4-1
Removed Pin From Net: NetName=GND Pin=SW4-2
Removed Pin From Net: NetName=GND Pin=SW4-3
Removed Pin From Net: NetName=3BTN Pin=SW4-A'
Removed Pin From Net: NetName=GND Pin=SW4-A
Removed Pin From Net: NetName=GND Pin=SW5-1
Removed Pin From Net: NetName=GND Pin=SW5-2
Removed Pin From Net: NetName=GND Pin=SW5-3
Removed Pin From Net: NetName=4BTN Pin=SW5-A'
Removed Pin From Net: NetName=GND Pin=SW5-A
Removed Pin From Net: NetName=GND Pin=TFT 1-1
Removed Pin From Net: NetName=VDD33 Pin=TFT 1-2
Removed Pin From Net: NetName=SCL Pin=TFT 1-3
Removed Pin From Net: NetName=SDA Pin=TFT 1-4
Removed Pin From Net: NetName=GND Pin=U1-1
Removed Pin From Net: NetName=CT-1 Pin=U1-2
Removed Pin From Net: NetName=CT-2 Pin=U1-3
Removed Pin From Net: NetName=GND Pin=U1-12
Removed Pin From Net: NetName=CT-3 Pin=U1-21
Removed Pin From Net: NetName=CT-4 Pin=U1-22
Removed Pin From Net: NetName=VDD33 Pin=U1-23
Removed Pin From Net: NetName=VCC5 Pin=U1-24
Removed Pin From Net: NetName=GND Pin=U2-1
Removed Pin From Net: NetName=AN-1 Pin=U2-2
Removed Pin From Net: NetName=AN-2 Pin=U2-3
Removed Pin From Net: NetName=GND Pin=U2-12
Removed Pin From Net: NetName=AN-3 Pin=U2-21
Removed Pin From Net: NetName=AN-4 Pin=U2-22
Removed Pin From Net: NetName=VDD33 Pin=U2-23
Removed Pin From Net: NetName=VCC5 Pin=U2-24
Removed Member From Class: ClassName=Main_Logic Member=BMP-1
Removed Member From Class: ClassName=Main_Logic Member=C1
Removed Member From Class: ClassName=Main_Logic Member=C2
Removed Member From Class: ClassName=Main_Logic Member=C3
Removed Member From Class: ClassName=Main_Logic Member=C4
Removed Member From Class: ClassName=Main_Logic Member=C5
Removed Member From Class: ClassName=Main_Logic Member=C6
Removed Member From Class: ClassName=Main_Logic Member=C7
Removed Member From Class: ClassName=Main_Logic Member=C8
Removed Member From Class: ClassName=Main_Logic Member=cn1
Removed Member From Class: ClassName=Main_Logic Member=ESP32
Removed Member From Class: ClassName=Main_Logic Member=PW1
Removed Member From Class: ClassName=Main_Logic Member=PW2
Removed Member From Class: ClassName=Main_Logic Member=R1
Removed Member From Class: ClassName=Main_Logic Member=R2
Removed Member From Class: ClassName=Main_Logic Member=R3
Removed Member From Class: ClassName=Main_Logic Member=R4
Removed Member From Class: ClassName=Main_Logic Member=R5
Removed Member From Class: ClassName=Main_Logic Member=R6
Removed Member From Class: ClassName=Main_Logic Member=R7
Removed Member From Class: ClassName=Main_Logic Member=R8
Removed Member From Class: ClassName=Main_Logic Member=R9
Removed Member From Class: ClassName=Main_Logic Member=R10
Removed Member From Class: ClassName=Main_Logic Member=R11
Removed Member From Class: ClassName=Main_Logic Member=R12
Removed Member From Class: ClassName=Main_Logic Member=R13
Removed Member From Class: ClassName=Main_Logic Member=R14
Removed Member From Class: ClassName=Main_Logic Member=R15
Removed Member From Class: ClassName=Main_Logic Member=R16
Removed Member From Class: ClassName=Main_Logic Member=R17
Removed Member From Class: ClassName=Main_Logic Member=R19
Removed Member From Class: ClassName=Main_Logic Member=R20
Removed Member From Class: ClassName=Main_Logic Member=SHT-1
Removed Member From Class: ClassName=Main_Logic Member=SW1
Removed Member From Class: ClassName=Main_Logic Member=SW2
Removed Member From Class: ClassName=Main_Logic Member=SW3
Removed Member From Class: ClassName=Main_Logic Member=SW4
Removed Member From Class: ClassName=Main_Logic Member=SW5
Removed Member From Class: ClassName=Main_Logic Member=TFT 1
Removed Member From Class: ClassName=Main_Logic Member=U1
Removed Member From Class: ClassName=Main_Logic Member=U2
Change Component Designator: OldDesignator=+5v NewDesignator=CN2
Added Component: Designator=BMP-?(FP-BMP280-MFG)
Add component (AddParameter): Name = "Case/Package"; Value = "SMD/SMT"; VariantName = "[No Variations]"
Add component (AddParameter): Name = "Lead Free"; Value = "Lead Free"; VariantName = "[No Variations]"
Add component (AddParameter): Name = "Max Operating Temperature"; Value = "85°C"; VariantName = "[No Variations]"
Add component (AddParameter): Name = "Max Pressure"; Value = "290.08PSI"; VariantName = "[No Variations]"
Add component (AddParameter): Name = "Min Operating Temperature"; Value = "-40°C"; VariantName = "[No Variations]"
Add component (AddParameter): Name = "Number of Pins"; Value = "8"; VariantName = "[No Variations]"
Add component (AddParameter): Name = "Operating Pressure"; Value = "15.95PSI"; VariantName = "[No Variations]"
Add component (AddParameter): Name = "Output Type"; Value = "SPI"; VariantName = "[No Variations]"
Add component (AddParameter): Name = "Port Style"; Value = "No Port"; VariantName = "[No Variations]"
Add component (AddParameter): Name = "Pressure Type"; Value = "Absolute"; VariantName = "[No Variations]"
Add component (AddParameter): Name = "Termination"; Value = "SMD/SMT"; VariantName = "[No Variations]"
Added Component: Designator=C?(FP-0603B104K500CT-IPC_C)
Add component (AddParameter): Name = "Capacitance"; Value = "100nF"; VariantName = "[No Variations]"
Add component (AddParameter): Name = "Case Code (Imperial)"; Value = "0603"; VariantName = "[No Variations]"
Add component (AddParameter): Name = "Case Code (Metric)"; Value = "1608"; VariantName = "[No Variations]"
Add component (AddParameter): Name = "Case/Package"; Value = "0603"; VariantName = "[No Variations]"
Add component (AddParameter): Name = "Depth"; Value = "0.8mm"; VariantName = "[No Variations]"
Add component (AddParameter): Name = "Dielectric"; Value = "X7R"; VariantName = "[No Variations]"
Add component (AddParameter): Name = "Lead Free"; Value = "Lead Free"; VariantName = "[No Variations]"
Add component (AddParameter): Name = "Length"; Value = "1.6mm"; VariantName = "[No Variations]"
Add component (AddParameter): Name = "Max Operating Temperature"; Value = "125°C"; VariantName = "[No Variations]"
Add component (AddParameter): Name = "Min Operating Temperature"; Value = "-55°C"; VariantName = "[No Variations]"
Add component (AddParameter): Name = "Packaging"; Value = "Tape and Reel"; VariantName = "[No Variations]"
Add component (AddParameter): Name = "Radiation Hardening"; Value = "No"; VariantName = "[No Variations]"
Add component (AddParameter): Name = "RoHS Compliant"; Value = "Yes"; VariantName = "[No Variations]"
Add component (AddParameter): Name = "Series"; Value = "-"; VariantName = "[No Variations]"
Add component (AddParameter): Name = "Tolerance"; Value = "10%"; VariantName = "[No Variations]"
Add component (AddParameter): Name = "Voltage Rating"; Value = "50V"; VariantName = "[No Variations]"
Add component (AddParameter): Name = "Voltage Rating (DC)"; Value = "50V"; VariantName = "[No Variations]"
Added Component: Designator=C?(FP-GRM18-0_15-MFG)
Add component (AddParameter): Name = "Automotive"; Value = "No"; VariantName = "[No Variations]"
Add component (AddParameter): Name = "Capacitance"; Value = "10uF"; VariantName = "[No Variations]"
Add component (AddParameter): Name = "Category"; Value = "Cap"; VariantName = "[No Variations]"
Add component (AddParameter): Name = "ComponentLink2Description"; Value = "Datasheet"; VariantName = "[No Variations]"
Add component (AddParameter): Name = "ComponentLink2URL"; Value = "https://search.murata.co.jp/Ceramy/image/img/A01X/G101/ENG/GRM188R61A106KE69-01A.pdf"; VariantName = "[No Variations]"
Add component (AddParameter): Name = "Device Class L1"; Value = "Passive Components"; VariantName = "[No Variations]"
Add component (AddParameter): Name = "Device Class L2"; Value = "Capacitors"; VariantName = "[No Variations]"
Add component (AddParameter): Name = "Device Class L3"; Value = "Ceramic Capacitors"; VariantName = "[No Variations]"
Add component (AddParameter): Name = "Digikey Description"; Value = "CAP CER 10UF 10V X5R 0603"; VariantName = "[No Variations]"
Add component (AddParameter): Name = "Height"; Value = "0.95mm"; VariantName = "[No Variations]"
Add component (AddParameter): Name = "Lead Free"; Value = "Yes"; VariantName = "[No Variations]"
Add component (AddParameter): Name = "Manufacturer"; Value = "Murata"; VariantName = "[No Variations]"
Add component (AddParameter): Name = "Manufacturer Part Number"; Value = "GRM188R61A106KE69D"; VariantName = "[No Variations]"
Add component (AddParameter): Name = "Material"; Value = "Ceramic"; VariantName = "[No Variations]"
Add component (AddParameter): Name = "Mouser Description"; Value = "Multilayer Ceramic Capacitors MLCC - SMD/SMT 0603 10uF 10volts X5R + - 10%"; VariantName = "[No Variations]"
Add component (AddParameter): Name = "Octopart"; Value = "https://octopart.com/grm188r61a106ke69d-murata-22851381"; VariantName = "[No Variations]"
Add component (AddParameter): Name = "Package"; Value = "GRM18-0.15"; VariantName = "[No Variations]"
Add component (AddParameter): Name = "RoHS"; Value = "TRUE"; VariantName = "[No Variations]"
Add component (AddParameter): Name = "Temperature"; Value = "-55°C to +85°C"; VariantName = "[No Variations]"
Add component (AddParameter): Name = "Temperature Characteristic"; Value = "X5R"; VariantName = "[No Variations]"
Add component (AddParameter): Name = "Temperature Coefficient"; Value = "15%"; VariantName = "[No Variations]"
Add component (AddParameter): Name = "Temperature Range High"; Value = "+85°C"; VariantName = "[No Variations]"
Add component (AddParameter): Name = "Temperature Range Low"; Value = "-55°C"; VariantName = "[No Variations]"
Add component (AddParameter): Name = "Tolerance"; Value = "10%"; VariantName = "[No Variations]"
Add component (AddParameter): Name = "Value"; Value = "10uF"; VariantName = "[No Variations]"
Add component (AddParameter): Name = "Voltage Rating"; Value = "10V"; VariantName = "[No Variations]"
Added Component: Designator=C?(FP-GRM188-0_1-e0_2_0_5-IPC_B)
Add component (AddParameter): Name = "Capacitance"; Value = "100nF"; VariantName = "[No Variations]"
Add component (AddParameter): Name = "Case Code (Imperial)"; Value = "0603"; VariantName = "[No Variations]"
Add component (AddParameter): Name = "Case Code (Metric)"; Value = "1608"; VariantName = "[No Variations]"
Add component (AddParameter): Name = "Case/Package"; Value = "0603"; VariantName = "[No Variations]"
Add component (AddParameter): Name = "Depth"; Value = "0.8mm"; VariantName = "[No Variations]"
Add component (AddParameter): Name = "Dielectric"; Value = "X7R"; VariantName = "[No Variations]"
Add component (AddParameter): Name = "Height"; Value = "0.8mm"; VariantName = "[No Variations]"
Add component (AddParameter): Name = "Lead Free"; Value = "Lead Free"; VariantName = "[No Variations]"
Add component (AddParameter): Name = "Length"; Value = "1.6mm"; VariantName = "[No Variations]"
Add component (AddParameter): Name = "Material"; Value = "Ceramic"; VariantName = "[No Variations]"
Add component (AddParameter): Name = "Max Operating Temperature"; Value = "125°C"; VariantName = "[No Variations]"
Add component (AddParameter): Name = "Min Operating Temperature"; Value = "-55°C"; VariantName = "[No Variations]"
Add component (AddParameter): Name = "Mount"; Value = "Surface Mount"; VariantName = "[No Variations]"
Add component (AddParameter): Name = "Package Quantity"; Value = "1"; VariantName = "[No Variations]"
Add component (AddParameter): Name = "Packaging"; Value = "Tape and Reel"; VariantName = "[No Variations]"
Add component (AddParameter): Name = "Radiation Hardening"; Value = "No"; VariantName = "[No Variations]"
Add component (AddParameter): Name = "REACH SVHC"; Value = "No SVHC"; VariantName = "[No Variations]"
Add component (AddParameter): Name = "Termination"; Value = "SMD/SMT"; VariantName = "[No Variations]"
Add component (AddParameter): Name = "Thickness"; Value = "0.035inch"; VariantName = "[No Variations]"
Add component (AddParameter): Name = "Tolerance"; Value = "10%"; VariantName = "[No Variations]"
Add component (AddParameter): Name = "Voltage"; Value = "100V"; VariantName = "[No Variations]"
Add component (AddParameter): Name = "Voltage Rating"; Value = "100V"; VariantName = "[No Variations]"
Add component (AddParameter): Name = "Voltage Rating (DC)"; Value = "100V"; VariantName = "[No Variations]"
Add component (AddParameter): Name = "Weight"; Value = "0.000222oz"; VariantName = "[No Variations]"
Add component (AddParameter): Name = "Width"; Value = "0.8mm"; VariantName = "[No Variations]"
Added Component: Designator=C?(FP-GRM188-0_1-e0_2_0_5-IPC_B)
Add component (AddParameter): Name = "Capacitance"; Value = "100nF"; VariantName = "[No Variations]"
Add component (AddParameter): Name = "Case Code (Imperial)"; Value = "0603"; VariantName = "[No Variations]"
Add component (AddParameter): Name = "Case Code (Metric)"; Value = "1608"; VariantName = "[No Variations]"
Add component (AddParameter): Name = "Case/Package"; Value = "0603"; VariantName = "[No Variations]"
Add component (AddParameter): Name = "Depth"; Value = "0.8mm"; VariantName = "[No Variations]"
Add component (AddParameter): Name = "Dielectric"; Value = "X7R"; VariantName = "[No Variations]"
Add component (AddParameter): Name = "Height"; Value = "0.8mm"; VariantName = "[No Variations]"
Add component (AddParameter): Name = "Lead Free"; Value = "Lead Free"; VariantName = "[No Variations]"
Add component (AddParameter): Name = "Length"; Value = "1.6mm"; VariantName = "[No Variations]"
Add component (AddParameter): Name = "Material"; Value = "Ceramic"; VariantName = "[No Variations]"
Add component (AddParameter): Name = "Max Operating Temperature"; Value = "125°C"; VariantName = "[No Variations]"
Add component (AddParameter): Name = "Min Operating Temperature"; Value = "-55°C"; VariantName = "[No Variations]"
Add component (AddParameter): Name = "Mount"; Value = "Surface Mount"; VariantName = "[No Variations]"
Add component (AddParameter): Name = "Package Quantity"; Value = "1"; VariantName = "[No Variations]"
Add component (AddParameter): Name = "Packaging"; Value = "Tape and Reel"; VariantName = "[No Variations]"
Add component (AddParameter): Name = "Radiation Hardening"; Value = "No"; VariantName = "[No Variations]"
Add component (AddParameter): Name = "REACH SVHC"; Value = "No SVHC"; VariantName = "[No Variations]"
Add component (AddParameter): Name = "Termination"; Value = "SMD/SMT"; VariantName = "[No Variations]"
Add component (AddParameter): Name = "Thickness"; Value = "0.035inch"; VariantName = "[No Variations]"
Add component (AddParameter): Name = "Tolerance"; Value = "10%"; VariantName = "[No Variations]"
Add component (AddParameter): Name = "Voltage"; Value = "100V"; VariantName = "[No Variations]"
Add component (AddParameter): Name = "Voltage Rating"; Value = "100V"; VariantName = "[No Variations]"
Add component (AddParameter): Name = "Voltage Rating (DC)"; Value = "100V"; VariantName = "[No Variations]"
Add component (AddParameter): Name = "Weight"; Value = "0.000222oz"; VariantName = "[No Variations]"
Add component (AddParameter): Name = "Width"; Value = "0.8mm"; VariantName = "[No Variations]"
Added Component: Designator=C?(FP-GRM188-0_1-e0_2_0_5-IPC_B)
Add component (AddParameter): Name = "Capacitance"; Value = "100nF"; VariantName = "[No Variations]"
Add component (AddParameter): Name = "Case Code (Imperial)"; Value = "0603"; VariantName = "[No Variations]"
Add component (AddParameter): Name = "Case Code (Metric)"; Value = "1608"; VariantName = "[No Variations]"
Add component (AddParameter): Name = "Case/Package"; Value = "0603"; VariantName = "[No Variations]"
Add component (AddParameter): Name = "Depth"; Value = "0.8mm"; VariantName = "[No Variations]"
Add component (AddParameter): Name = "Dielectric"; Value = "X7R"; VariantName = "[No Variations]"
Add component (AddParameter): Name = "Height"; Value = "0.8mm"; VariantName = "[No Variations]"
Add component (AddParameter): Name = "Lead Free"; Value = "Lead Free"; VariantName = "[No Variations]"
Add component (AddParameter): Name = "Length"; Value = "1.6mm"; VariantName = "[No Variations]"
Add component (AddParameter): Name = "Material"; Value = "Ceramic"; VariantName = "[No Variations]"
Add component (AddParameter): Name = "Max Operating Temperature"; Value = "125°C"; VariantName = "[No Variations]"
Add component (AddParameter): Name = "Min Operating Temperature"; Value = "-55°C"; VariantName = "[No Variations]"
Add component (AddParameter): Name = "Mount"; Value = "Surface Mount"; VariantName = "[No Variations]"
Add component (AddParameter): Name = "Package Quantity"; Value = "1"; VariantName = "[No Variations]"
Add component (AddParameter): Name = "Packaging"; Value = "Tape and Reel"; VariantName = "[No Variations]"
Add component (AddParameter): Name = "Radiation Hardening"; Value = "No"; VariantName = "[No Variations]"
Add component (AddParameter): Name = "REACH SVHC"; Value = "No SVHC"; VariantName = "[No Variations]"
Add component (AddParameter): Name = "Termination"; Value = "SMD/SMT"; VariantName = "[No Variations]"
Add component (AddParameter): Name = "Thickness"; Value = "0.035inch"; VariantName = "[No Variations]"
Add component (AddParameter): Name = "Tolerance"; Value = "10%"; VariantName = "[No Variations]"
Add component (AddParameter): Name = "Voltage"; Value = "100V"; VariantName = "[No Variations]"
Add component (AddParameter): Name = "Voltage Rating"; Value = "100V"; VariantName = "[No Variations]"
Add component (AddParameter): Name = "Voltage Rating (DC)"; Value = "100V"; VariantName = "[No Variations]"
Add component (AddParameter): Name = "Weight"; Value = "0.000222oz"; VariantName = "[No Variations]"
Add component (AddParameter): Name = "Width"; Value = "0.8mm"; VariantName = "[No Variations]"
Added Component: Designator=C?(FP-GRM188-0_1-e0_2_0_5-IPC_B)
Add component (AddParameter): Name = "Capacitance"; Value = "100nF"; VariantName = "[No Variations]"
Add component (AddParameter): Name = "Case Code (Imperial)"; Value = "0603"; VariantName = "[No Variations]"
Add component (AddParameter): Name = "Case Code (Metric)"; Value = "1608"; VariantName = "[No Variations]"
Add component (AddParameter): Name = "Case/Package"; Value = "0603"; VariantName = "[No Variations]"
Add component (AddParameter): Name = "Depth"; Value = "0.8mm"; VariantName = "[No Variations]"
Add component (AddParameter): Name = "Dielectric"; Value = "X7R"; VariantName = "[No Variations]"
Add component (AddParameter): Name = "Height"; Value = "0.8mm"; VariantName = "[No Variations]"
Add component (AddParameter): Name = "Lead Free"; Value = "Lead Free"; VariantName = "[No Variations]"
Add component (AddParameter): Name = "Length"; Value = "1.6mm"; VariantName = "[No Variations]"
Add component (AddParameter): Name = "Material"; Value = "Ceramic"; VariantName = "[No Variations]"
Add component (AddParameter): Name = "Max Operating Temperature"; Value = "125°C"; VariantName = "[No Variations]"
Add component (AddParameter): Name = "Min Operating Temperature"; Value = "-55°C"; VariantName = "[No Variations]"
Add component (AddParameter): Name = "Mount"; Value = "Surface Mount"; VariantName = "[No Variations]"
Add component (AddParameter): Name = "Package Quantity"; Value = "1"; VariantName = "[No Variations]"
Add component (AddParameter): Name = "Packaging"; Value = "Tape and Reel"; VariantName = "[No Variations]"
Add component (AddParameter): Name = "Radiation Hardening"; Value = "No"; VariantName = "[No Variations]"
Add component (AddParameter): Name = "REACH SVHC"; Value = "No SVHC"; VariantName = "[No Variations]"
Add component (AddParameter): Name = "Termination"; Value = "SMD/SMT"; VariantName = "[No Variations]"
Add component (AddParameter): Name = "Thickness"; Value = "0.035inch"; VariantName = "[No Variations]"
Add component (AddParameter): Name = "Tolerance"; Value = "10%"; VariantName = "[No Variations]"
Add component (AddParameter): Name = "Voltage"; Value = "100V"; VariantName = "[No Variations]"
Add component (AddParameter): Name = "Voltage Rating"; Value = "100V"; VariantName = "[No Variations]"
Add component (AddParameter): Name = "Voltage Rating (DC)"; Value = "100V"; VariantName = "[No Variations]"
Add component (AddParameter): Name = "Weight"; Value = "0.000222oz"; VariantName = "[No Variations]"
Add component (AddParameter): Name = "Width"; Value = "0.8mm"; VariantName = "[No Variations]"
Added Component: Designator=C?(FP-GRM188-0_1-e0_2_0_5-IPC_B)
Add component (AddParameter): Name = "Capacitance"; Value = "100nF"; VariantName = "[No Variations]"
Add component (AddParameter): Name = "Case Code (Imperial)"; Value = "0603"; VariantName = "[No Variations]"
Add component (AddParameter): Name = "Case Code (Metric)"; Value = "1608"; VariantName = "[No Variations]"
Add component (AddParameter): Name = "Case/Package"; Value = "0603"; VariantName = "[No Variations]"
Add component (AddParameter): Name = "Depth"; Value = "0.8mm"; VariantName = "[No Variations]"
Add component (AddParameter): Name = "Dielectric"; Value = "X7R"; VariantName = "[No Variations]"
Add component (AddParameter): Name = "Height"; Value = "0.8mm"; VariantName = "[No Variations]"
Add component (AddParameter): Name = "Lead Free"; Value = "Lead Free"; VariantName = "[No Variations]"
Add component (AddParameter): Name = "Length"; Value = "1.6mm"; VariantName = "[No Variations]"
Add component (AddParameter): Name = "Material"; Value = "Ceramic"; VariantName = "[No Variations]"
Add component (AddParameter): Name = "Max Operating Temperature"; Value = "125°C"; VariantName = "[No Variations]"
Add component (AddParameter): Name = "Min Operating Temperature"; Value = "-55°C"; VariantName = "[No Variations]"
Add component (AddParameter): Name = "Mount"; Value = "Surface Mount"; VariantName = "[No Variations]"
Add component (AddParameter): Name = "Package Quantity"; Value = "1"; VariantName = "[No Variations]"
Add component (AddParameter): Name = "Packaging"; Value = "Tape and Reel"; VariantName = "[No Variations]"
Add component (AddParameter): Name = "Radiation Hardening"; Value = "No"; VariantName = "[No Variations]"
Add component (AddParameter): Name = "REACH SVHC"; Value = "No SVHC"; VariantName = "[No Variations]"
Add component (AddParameter): Name = "Termination"; Value = "SMD/SMT"; VariantName = "[No Variations]"
Add component (AddParameter): Name = "Thickness"; Value = "0.035inch"; VariantName = "[No Variations]"
Add component (AddParameter): Name = "Tolerance"; Value = "10%"; VariantName = "[No Variations]"
Add component (AddParameter): Name = "Voltage"; Value = "100V"; VariantName = "[No Variations]"
Add component (AddParameter): Name = "Voltage Rating"; Value = "100V"; VariantName = "[No Variations]"
Add component (AddParameter): Name = "Voltage Rating (DC)"; Value = "100V"; VariantName = "[No Variations]"
Add component (AddParameter): Name = "Weight"; Value = "0.000222oz"; VariantName = "[No Variations]"
Add component (AddParameter): Name = "Width"; Value = "0.8mm"; VariantName = "[No Variations]"
Added Component: Designator=C?(FP-GRM188-0_1-e0_2_0_5-IPC_B)
Add component (AddParameter): Name = "Capacitance"; Value = "100nF"; VariantName = "[No Variations]"
Add component (AddParameter): Name = "Case Code (Imperial)"; Value = "0603"; VariantName = "[No Variations]"
Add component (AddParameter): Name = "Case Code (Metric)"; Value = "1608"; VariantName = "[No Variations]"
Add component (AddParameter): Name = "Case/Package"; Value = "0603"; VariantName = "[No Variations]"
Add component (AddParameter): Name = "Depth"; Value = "0.8mm"; VariantName = "[No Variations]"
Add component (AddParameter): Name = "Dielectric"; Value = "X7R"; VariantName = "[No Variations]"
Add component (AddParameter): Name = "Height"; Value = "0.8mm"; VariantName = "[No Variations]"
Add component (AddParameter): Name = "Lead Free"; Value = "Lead Free"; VariantName = "[No Variations]"
Add component (AddParameter): Name = "Length"; Value = "1.6mm"; VariantName = "[No Variations]"
Add component (AddParameter): Name = "Material"; Value = "Ceramic"; VariantName = "[No Variations]"
Add component (AddParameter): Name = "Max Operating Temperature"; Value = "125°C"; VariantName = "[No Variations]"
Add component (AddParameter): Name = "Min Operating Temperature"; Value = "-55°C"; VariantName = "[No Variations]"
Add component (AddParameter): Name = "Mount"; Value = "Surface Mount"; VariantName = "[No Variations]"
Add component (AddParameter): Name = "Package Quantity"; Value = "1"; VariantName = "[No Variations]"
Add component (AddParameter): Name = "Packaging"; Value = "Tape and Reel"; VariantName = "[No Variations]"
Add component (AddParameter): Name = "Radiation Hardening"; Value = "No"; VariantName = "[No Variations]"
Add component (AddParameter): Name = "REACH SVHC"; Value = "No SVHC"; VariantName = "[No Variations]"
Add component (AddParameter): Name = "Termination"; Value = "SMD/SMT"; VariantName = "[No Variations]"
Add component (AddParameter): Name = "Thickness"; Value = "0.035inch"; VariantName = "[No Variations]"
Add component (AddParameter): Name = "Tolerance"; Value = "10%"; VariantName = "[No Variations]"
Add component (AddParameter): Name = "Voltage"; Value = "100V"; VariantName = "[No Variations]"
Add component (AddParameter): Name = "Voltage Rating"; Value = "100V"; VariantName = "[No Variations]"
Add component (AddParameter): Name = "Voltage Rating (DC)"; Value = "100V"; VariantName = "[No Variations]"
Add component (AddParameter): Name = "Weight"; Value = "0.000222oz"; VariantName = "[No Variations]"
Add component (AddParameter): Name = "Width"; Value = "0.8mm"; VariantName = "[No Variations]"
Added Component: Designator=C?(FP-0603-L_1_6_0_1-W_0_8_0-MFG)
Add component (AddParameter): Name = "Capacitance"; Value = "1uF"; VariantName = "[No Variations]"
Add component (AddParameter): Name = "Case Code (Imperial)"; Value = "0603"; VariantName = "[No Variations]"
Add component (AddParameter): Name = "Case Code (Metric)"; Value = "1608"; VariantName = "[No Variations]"
Add component (AddParameter): Name = "Case/Package"; Value = "0603"; VariantName = "[No Variations]"
Add component (AddParameter): Name = "Dielectric"; Value = "X7R"; VariantName = "[No Variations]"
Add component (AddParameter): Name = "Halogen Free"; Value = "Halogen Free"; VariantName = "[No Variations]"
Add component (AddParameter): Name = "Height"; Value = "0.8mm"; VariantName = "[No Variations]"
Add component (AddParameter): Name = "Lead Free"; Value = "Lead Free"; VariantName = "[No Variations]"
Add component (AddParameter): Name = "Length"; Value = "0.063inch"; VariantName = "[No Variations]"
Add component (AddParameter): Name = "Max Operating Temperature"; Value = "125°C"; VariantName = "[No Variations]"
Add component (AddParameter): Name = "Min Operating Temperature"; Value = "-55°C"; VariantName = "[No Variations]"
Add component (AddParameter): Name = "Mount"; Value = "Surface Mount"; VariantName = "[No Variations]"
Add component (AddParameter): Name = "Package Quantity"; Value = "4000"; VariantName = "[No Variations]"
Add component (AddParameter): Name = "Packaging"; Value = "Tape and Reel"; VariantName = "[No Variations]"
Add component (AddParameter): Name = "Ratings"; Value = "AEC-Q200"; VariantName = "[No Variations]"
Add component (AddParameter): Name = "RoHS Compliant"; Value = "Yes"; VariantName = "[No Variations]"
Add component (AddParameter): Name = "Termination"; Value = "SMD/SMT"; VariantName = "[No Variations]"
Add component (AddParameter): Name = "Thickness"; Value = "0.035inch"; VariantName = "[No Variations]"
Add component (AddParameter): Name = "Tolerance"; Value = "10%"; VariantName = "[No Variations]"
Add component (AddParameter): Name = "Voltage Rating"; Value = "16V"; VariantName = "[No Variations]"
Add component (AddParameter): Name = "Voltage Rating (DC)"; Value = "16V"; VariantName = "[No Variations]"
Add component (AddParameter): Name = "Width"; Value = "0.031inch"; VariantName = "[No Variations]"
Added Component: Designator=cn?(FP-TMM-103-02-G-S-MFG)
Add component (AddParameter): Name = "Connector Type"; Value = "Header"; VariantName = "[No Variations]"
Add component (AddParameter): Name = "Contact Finish - Mating"; Value = "GOLD"; VariantName = "[No Variations]"
Add component (AddParameter): Name = "Contact Material"; Value = "Bronze"; VariantName = "[No Variations]"
Add component (AddParameter): Name = "Contact Plating"; Value = "Gold"; VariantName = "[No Variations]"
Add component (AddParameter): Name = "Contact Shape"; Value = "Square"; VariantName = "[No Variations]"
Add component (AddParameter): Name = "Contact Type"; Value = "Male Pin"; VariantName = "[No Variations]"
Add component (AddParameter): Name = "Depth"; Value = "1.97mm"; VariantName = "[No Variations]"
Add component (AddParameter): Name = "Fastening Type"; Value = "Pull"; VariantName = "[No Variations]"
Add component (AddParameter): Name = "Gender"; Value = "Male"; VariantName = "[No Variations]"
Add component (AddParameter): Name = "Housing Color"; Value = "Black"; VariantName = "[No Variations]"
Add component (AddParameter): Name = "Housing Material"; Value = "Polymer"; VariantName = "[No Variations]"
Add component (AddParameter): Name = "Insulation Color"; Value = "Black"; VariantName = "[No Variations]"
Add component (AddParameter): Name = "Insulation Material"; Value = "Polymer"; VariantName = "[No Variations]"
Add component (AddParameter): Name = "Length"; Value = "6mm"; VariantName = "[No Variations]"
Add component (AddParameter): Name = "Max Current Rating"; Value = "3.9A"; VariantName = "[No Variations]"
Add component (AddParameter): Name = "Max Operating Temperature"; Value = "125°C"; VariantName = "[No Variations]"
Add component (AddParameter): Name = "Max Voltage Rating (AC)"; Value = "500V"; VariantName = "[No Variations]"
Add component (AddParameter): Name = "Min Operating Temperature"; Value = "-55°C"; VariantName = "[No Variations]"
Add component (AddParameter): Name = "Number of Contacts"; Value = "3"; VariantName = "[No Variations]"
Add component (AddParameter): Name = "Number of Positions"; Value = "3"; VariantName = "[No Variations]"
Add component (AddParameter): Name = "Number of Rows"; Value = "1"; VariantName = "[No Variations]"
Add component (AddParameter): Name = "Orientation"; Value = "Straight"; VariantName = "[No Variations]"
Add component (AddParameter): Name = "Packaging"; Value = "Bulk"; VariantName = "[No Variations]"
Add component (AddParameter): Name = "Pitch"; Value = "2mm"; VariantName = "[No Variations]"
Add component (AddParameter): Name = "Radiation Hardening"; Value = "No"; VariantName = "[No Variations]"
Add component (AddParameter): Name = "RoHS Compliant"; Value = "Yes"; VariantName = "[No Variations]"
Add component (AddParameter): Name = "Series"; Value = "TMM"; VariantName = "[No Variations]"
Add component (AddParameter): Name = "Termination"; Value = "Solder"; VariantName = "[No Variations]"
Added Component: Designator=IN-?(IN-14)
Added Component: Designator=mcu-?(FP-ESP32-WROOM-32U_16MB-MFG)
Add component (AddParameter): Name = "Case/Package"; Value = "SMD/SMT"; VariantName = "[No Variations]"
Add component (AddParameter): Name = "Data Rate"; Value = "150Mbps"; VariantName = "[No Variations]"
Add component (AddParameter): Name = "Frequency"; Value = "2.5GHz"; VariantName = "[No Variations]"
Add component (AddParameter): Name = "Interface"; Value = "I2C"; VariantName = "[No Variations]"
Add component (AddParameter): Name = "Max Operating Temperature"; Value = "85°C"; VariantName = "[No Variations]"
Add component (AddParameter): Name = "Memory Size"; Value = "536KB"; VariantName = "[No Variations]"
Add component (AddParameter): Name = "Min Operating Temperature"; Value = "-40°C"; VariantName = "[No Variations]"
Add component (AddParameter): Name = "Mount"; Value = "Surface Mount"; VariantName = "[No Variations]"
Add component (AddParameter): Name = "Packaging"; Value = "Tape and Reel"; VariantName = "[No Variations]"
Add component (AddParameter): Name = "Sensitivity"; Value = "-98dBm"; VariantName = "[No Variations]"
Added Component: Designator=PW?(SOP127P1030X245-18N)
Added Component: Designator=PW?(SOP127P1030X245-18N)
Added Component: Designator=PW?(SOP127P1030X245-18N)
Added Component: Designator=PW?(SOP127P1030X245-18N)
Added Component: Designator=Q?(WL-OCPT_DIP4_S-Type)
Add component (AddParameter): Name = "Forward Current"; Value = "60mA"; VariantName = "[No Variations]"
Add component (AddParameter): Name = "Forward Voltage"; Value = "1.24V"; VariantName = "[No Variations]"
Add component (AddParameter): Name = "Height"; Value = "4.3mm"; VariantName = "[No Variations]"
Add component (AddParameter): Name = "Isolation Voltage"; Value = "5kV"; VariantName = "[No Variations]"
Add component (AddParameter): Name = "Length"; Value = "10.15mm"; VariantName = "[No Variations]"
Add component (AddParameter): Name = "Max Operating Temperature"; Value = "110°C"; VariantName = "[No Variations]"
Add component (AddParameter): Name = "Max Reverse Voltage (DC)"; Value = "6V"; VariantName = "[No Variations]"
Add component (AddParameter): Name = "Min Operating Temperature"; Value = "-55°C"; VariantName = "[No Variations]"
Add component (AddParameter): Name = "NexarPartId"; Value = "114060698"; VariantName = "[No Variations]"
Add component (AddParameter): Name = "RoHS"; Value = "Compliant"; VariantName = "[No Variations]"
Add component (AddParameter): Name = "Width"; Value = "4.58mm"; VariantName = "[No Variations]"
Added Component: Designator=Q?(WL-OCPT_DIP4_S-Type)
Add component (AddParameter): Name = "Forward Current"; Value = "60mA"; VariantName = "[No Variations]"
Add component (AddParameter): Name = "Forward Voltage"; Value = "1.24V"; VariantName = "[No Variations]"
Add component (AddParameter): Name = "Height"; Value = "4.3mm"; VariantName = "[No Variations]"
Add component (AddParameter): Name = "Isolation Voltage"; Value = "5kV"; VariantName = "[No Variations]"
Add component (AddParameter): Name = "Length"; Value = "10.15mm"; VariantName = "[No Variations]"
Add component (AddParameter): Name = "Max Operating Temperature"; Value = "110°C"; VariantName = "[No Variations]"
Add component (AddParameter): Name = "Max Reverse Voltage (DC)"; Value = "6V"; VariantName = "[No Variations]"
Add component (AddParameter): Name = "Min Operating Temperature"; Value = "-55°C"; VariantName = "[No Variations]"
Add component (AddParameter): Name = "NexarPartId"; Value = "114060698"; VariantName = "[No Variations]"
Add component (AddParameter): Name = "RoHS"; Value = "Compliant"; VariantName = "[No Variations]"
Add component (AddParameter): Name = "Width"; Value = "4.58mm"; VariantName = "[No Variations]"
Added Component: Designator=Q?(WL-OCPT_DIP4_S-Type)
Add component (AddParameter): Name = "Forward Current"; Value = "60mA"; VariantName = "[No Variations]"
Add component (AddParameter): Name = "Forward Voltage"; Value = "1.24V"; VariantName = "[No Variations]"
Add component (AddParameter): Name = "Height"; Value = "4.3mm"; VariantName = "[No Variations]"
Add component (AddParameter): Name = "Isolation Voltage"; Value = "5kV"; VariantName = "[No Variations]"
Add component (AddParameter): Name = "Length"; Value = "10.15mm"; VariantName = "[No Variations]"
Add component (AddParameter): Name = "Max Operating Temperature"; Value = "110°C"; VariantName = "[No Variations]"
Add component (AddParameter): Name = "Max Reverse Voltage (DC)"; Value = "6V"; VariantName = "[No Variations]"
Add component (AddParameter): Name = "Min Operating Temperature"; Value = "-55°C"; VariantName = "[No Variations]"
Add component (AddParameter): Name = "NexarPartId"; Value = "114060698"; VariantName = "[No Variations]"
Add component (AddParameter): Name = "RoHS"; Value = "Compliant"; VariantName = "[No Variations]"
Add component (AddParameter): Name = "Width"; Value = "4.58mm"; VariantName = "[No Variations]"
Added Component: Designator=Q?(WL-OCPT_DIP4_S-Type)
Add component (AddParameter): Name = "Forward Current"; Value = "60mA"; VariantName = "[No Variations]"
Add component (AddParameter): Name = "Forward Voltage"; Value = "1.24V"; VariantName = "[No Variations]"
Add component (AddParameter): Name = "Height"; Value = "4.3mm"; VariantName = "[No Variations]"
Add component (AddParameter): Name = "Isolation Voltage"; Value = "5kV"; VariantName = "[No Variations]"
Add component (AddParameter): Name = "Length"; Value = "10.15mm"; VariantName = "[No Variations]"
Add component (AddParameter): Name = "Max Operating Temperature"; Value = "110°C"; VariantName = "[No Variations]"
Add component (AddParameter): Name = "Max Reverse Voltage (DC)"; Value = "6V"; VariantName = "[No Variations]"
Add component (AddParameter): Name = "Min Operating Temperature"; Value = "-55°C"; VariantName = "[No Variations]"
Add component (AddParameter): Name = "NexarPartId"; Value = "114060698"; VariantName = "[No Variations]"
Add component (AddParameter): Name = "RoHS"; Value = "Compliant"; VariantName = "[No Variations]"
Add component (AddParameter): Name = "Width"; Value = "4.58mm"; VariantName = "[No Variations]"
Added Component: Designator=Q?(WL-OCPT_DIP4_S-Type)
Add component (AddParameter): Name = "Forward Current"; Value = "60mA"; VariantName = "[No Variations]"
Add component (AddParameter): Name = "Forward Voltage"; Value = "1.24V"; VariantName = "[No Variations]"
Add component (AddParameter): Name = "Height"; Value = "4.3mm"; VariantName = "[No Variations]"
Add component (AddParameter): Name = "Isolation Voltage"; Value = "5kV"; VariantName = "[No Variations]"
Add component (AddParameter): Name = "Length"; Value = "10.15mm"; VariantName = "[No Variations]"
Add component (AddParameter): Name = "Max Operating Temperature"; Value = "110°C"; VariantName = "[No Variations]"
Add component (AddParameter): Name = "Max Reverse Voltage (DC)"; Value = "6V"; VariantName = "[No Variations]"
Add component (AddParameter): Name = "Min Operating Temperature"; Value = "-55°C"; VariantName = "[No Variations]"
Add component (AddParameter): Name = "NexarPartId"; Value = "114060698"; VariantName = "[No Variations]"
Add component (AddParameter): Name = "RoHS"; Value = "Compliant"; VariantName = "[No Variations]"
Add component (AddParameter): Name = "Width"; Value = "4.58mm"; VariantName = "[No Variations]"
Added Component: Designator=Q?(WL-OCPT_DIP4_S-Type)
Add component (AddParameter): Name = "Forward Current"; Value = "60mA"; VariantName = "[No Variations]"
Add component (AddParameter): Name = "Forward Voltage"; Value = "1.24V"; VariantName = "[No Variations]"
Add component (AddParameter): Name = "Height"; Value = "4.3mm"; VariantName = "[No Variations]"
Add component (AddParameter): Name = "Isolation Voltage"; Value = "5kV"; VariantName = "[No Variations]"
Add component (AddParameter): Name = "Length"; Value = "10.15mm"; VariantName = "[No Variations]"
Add component (AddParameter): Name = "Max Operating Temperature"; Value = "110°C"; VariantName = "[No Variations]"
Add component (AddParameter): Name = "Max Reverse Voltage (DC)"; Value = "6V"; VariantName = "[No Variations]"
Add component (AddParameter): Name = "Min Operating Temperature"; Value = "-55°C"; VariantName = "[No Variations]"
Add component (AddParameter): Name = "NexarPartId"; Value = "114060698"; VariantName = "[No Variations]"
Add component (AddParameter): Name = "RoHS"; Value = "Compliant"; VariantName = "[No Variations]"
Add component (AddParameter): Name = "Width"; Value = "4.58mm"; VariantName = "[No Variations]"
Added Component: Designator=Q?(WL-OCPT_DIP4_S-Type)
Add component (AddParameter): Name = "Forward Current"; Value = "60mA"; VariantName = "[No Variations]"
Add component (AddParameter): Name = "Forward Voltage"; Value = "1.24V"; VariantName = "[No Variations]"
Add component (AddParameter): Name = "Height"; Value = "4.3mm"; VariantName = "[No Variations]"
Add component (AddParameter): Name = "Isolation Voltage"; Value = "5kV"; VariantName = "[No Variations]"
Add component (AddParameter): Name = "Length"; Value = "10.15mm"; VariantName = "[No Variations]"
Add component (AddParameter): Name = "Max Operating Temperature"; Value = "110°C"; VariantName = "[No Variations]"
Add component (AddParameter): Name = "Max Reverse Voltage (DC)"; Value = "6V"; VariantName = "[No Variations]"
Add component (AddParameter): Name = "Min Operating Temperature"; Value = "-55°C"; VariantName = "[No Variations]"
Add component (AddParameter): Name = "NexarPartId"; Value = "114060698"; VariantName = "[No Variations]"
Add component (AddParameter): Name = "RoHS"; Value = "Compliant"; VariantName = "[No Variations]"
Add component (AddParameter): Name = "Width"; Value = "4.58mm"; VariantName = "[No Variations]"
Added Component: Designator=Q?(WL-OCPT_DIP4_S-Type)
Add component (AddParameter): Name = "Forward Current"; Value = "60mA"; VariantName = "[No Variations]"
Add component (AddParameter): Name = "Forward Voltage"; Value = "1.24V"; VariantName = "[No Variations]"
Add component (AddParameter): Name = "Height"; Value = "4.3mm"; VariantName = "[No Variations]"
Add component (AddParameter): Name = "Isolation Voltage"; Value = "5kV"; VariantName = "[No Variations]"
Add component (AddParameter): Name = "Length"; Value = "10.15mm"; VariantName = "[No Variations]"
Add component (AddParameter): Name = "Max Operating Temperature"; Value = "110°C"; VariantName = "[No Variations]"
Add component (AddParameter): Name = "Max Reverse Voltage (DC)"; Value = "6V"; VariantName = "[No Variations]"
Add component (AddParameter): Name = "Min Operating Temperature"; Value = "-55°C"; VariantName = "[No Variations]"
Add component (AddParameter): Name = "NexarPartId"; Value = "114060698"; VariantName = "[No Variations]"
Add component (AddParameter): Name = "RoHS"; Value = "Compliant"; VariantName = "[No Variations]"
Add component (AddParameter): Name = "Width"; Value = "4.58mm"; VariantName = "[No Variations]"
Added Component: Designator=Q?(WL-OCPT_DIP4_S-Type)
Add component (AddParameter): Name = "Forward Current"; Value = "60mA"; VariantName = "[No Variations]"
Add component (AddParameter): Name = "Forward Voltage"; Value = "1.24V"; VariantName = "[No Variations]"
Add component (AddParameter): Name = "Height"; Value = "4.3mm"; VariantName = "[No Variations]"
Add component (AddParameter): Name = "Isolation Voltage"; Value = "5kV"; VariantName = "[No Variations]"
Add component (AddParameter): Name = "Length"; Value = "10.15mm"; VariantName = "[No Variations]"
Add component (AddParameter): Name = "Max Operating Temperature"; Value = "110°C"; VariantName = "[No Variations]"
Add component (AddParameter): Name = "Max Reverse Voltage (DC)"; Value = "6V"; VariantName = "[No Variations]"
Add component (AddParameter): Name = "Min Operating Temperature"; Value = "-55°C"; VariantName = "[No Variations]"
Add component (AddParameter): Name = "NexarPartId"; Value = "114060698"; VariantName = "[No Variations]"
Add component (AddParameter): Name = "RoHS"; Value = "Compliant"; VariantName = "[No Variations]"
Add component (AddParameter): Name = "Width"; Value = "4.58mm"; VariantName = "[No Variations]"
Added Component: Designator=R?(RESC2013X50X30NL20T20)
Add component (AddParameter): Name = "Manufacturer"; Value = "Vishay Dale"; VariantName = "[No Variations]"
Add component (AddParameter): Name = "Part Number"; Value = "CRCW080562R0JNTA"; VariantName = "[No Variations]"
Added Component: Designator=R?(RESC2013X50X30NL20T20)
Add component (AddParameter): Name = "Manufacturer"; Value = "Vishay Dale"; VariantName = "[No Variations]"
Add component (AddParameter): Name = "Part Number"; Value = "CRCW080562R0JNTA"; VariantName = "[No Variations]"
Added Component: Designator=R?(RESC2013X50X30NL20T20)
Add component (AddParameter): Name = "Manufacturer"; Value = "Vishay Dale"; VariantName = "[No Variations]"
Add component (AddParameter): Name = "Part Number"; Value = "CRCW080562R0JNTA"; VariantName = "[No Variations]"
Added Component: Designator=R?(RESC2013X50X30NL20T20)
Add component (AddParameter): Name = "Manufacturer"; Value = "Vishay Dale"; VariantName = "[No Variations]"
Add component (AddParameter): Name = "Part Number"; Value = "CRCW080562R0JNTA"; VariantName = "[No Variations]"
Added Component: Designator=R?(RESC2013X50X30NL20T20)
Add component (AddParameter): Name = "Manufacturer"; Value = "Vishay Dale"; VariantName = "[No Variations]"
Add component (AddParameter): Name = "Part Number"; Value = "CRCW080562R0JNTA"; VariantName = "[No Variations]"
Added Component: Designator=R?(RESC2013X50X30NL20T20)
Add component (AddParameter): Name = "Manufacturer"; Value = "Vishay Dale"; VariantName = "[No Variations]"
Add component (AddParameter): Name = "Part Number"; Value = "CRCW080562R0JNTA"; VariantName = "[No Variations]"
Added Component: Designator=R?(RESC2013X50X30NL20T20)
Add component (AddParameter): Name = "Manufacturer"; Value = "Vishay Dale"; VariantName = "[No Variations]"
Add component (AddParameter): Name = "Part Number"; Value = "CRCW080562R0JNTA"; VariantName = "[No Variations]"
Added Component: Designator=R?(RESC2013X50X30NL20T20)
Add component (AddParameter): Name = "Manufacturer"; Value = "Vishay Dale"; VariantName = "[No Variations]"
Add component (AddParameter): Name = "Part Number"; Value = "CRCW080562R0JNTA"; VariantName = "[No Variations]"
Added Component: Designator=R?(RESC2013X50X30NL20T20)
Add component (AddParameter): Name = "Manufacturer"; Value = "Vishay Dale"; VariantName = "[No Variations]"
Add component (AddParameter): Name = "Part Number"; Value = "CRCW080562R0JNTA"; VariantName = "[No Variations]"
Added Component: Designator=R?(RESC2013X50X30NL20T20)
Add component (AddParameter): Name = "Manufacturer"; Value = "Vishay Dale"; VariantName = "[No Variations]"
Add component (AddParameter): Name = "Part Number"; Value = "CRCW080562R0JNTA"; VariantName = "[No Variations]"
Added Component: Designator=R?(RESC2013X50X30NL20T20)
Add component (AddParameter): Name = "Manufacturer"; Value = "Vishay Dale"; VariantName = "[No Variations]"
Add component (AddParameter): Name = "Part Number"; Value = "CRCW080562R0JNTA"; VariantName = "[No Variations]"
Added Component: Designator=R?(RESC2013X50X30NL20T20)
Add component (AddParameter): Name = "Manufacturer"; Value = "Vishay Dale"; VariantName = "[No Variations]"
Add component (AddParameter): Name = "Part Number"; Value = "CRCW080562R0JNTA"; VariantName = "[No Variations]"
Added Component: Designator=R?(RESC2013X50X30NL20T20)
Add component (AddParameter): Name = "Manufacturer"; Value = "Vishay Dale"; VariantName = "[No Variations]"
Add component (AddParameter): Name = "Part Number"; Value = "CRCW080562R0JNTA"; VariantName = "[No Variations]"
Added Component: Designator=R?(RESC2013X50X30NL20T20)
Add component (AddParameter): Name = "Manufacturer"; Value = "Vishay Dale"; VariantName = "[No Variations]"
Add component (AddParameter): Name = "Part Number"; Value = "CRCW080562R0JNTA"; VariantName = "[No Variations]"
Added Component: Designator=R?(RESC0805(2012)_L)
Add component (AddParameter): Name = "Case-EIA"; Value = "0805"; VariantName = "[No Variations]"
Add component (AddParameter): Name = "Case-Metric"; Value = "2012"; VariantName = "[No Variations]"
Add component (AddParameter): Name = "Power"; Value = "0.125 W"; VariantName = "[No Variations]"
Add component (AddParameter): Name = "Technology"; Value = "SMT"; VariantName = "[No Variations]"
Add component (AddParameter): Name = "Tolerance"; Value = "5 %"; VariantName = "[No Variations]"
Add component (AddParameter): Name = "Value"; Value = "10000.00 Ohm"; VariantName = "[No Variations]"
Added Component: Designator=R?(RESC2013X50X30NL20T20)
Add component (AddParameter): Name = "Manufacturer"; Value = "Vishay Dale"; VariantName = "[No Variations]"
Add component (AddParameter): Name = "Part Number"; Value = "CRCW080562R0JNTA"; VariantName = "[No Variations]"
Added Component: Designator=R?(RESC2013X50X30NL20T20)
Add component (AddParameter): Name = "Manufacturer"; Value = "Vishay Dale"; VariantName = "[No Variations]"
Add component (AddParameter): Name = "Part Number"; Value = "CRCW080562R0JNTA"; VariantName = "[No Variations]"
Added Component: Designator=R?(RESC2013X50X30NL20T20)
Add component (AddParameter): Name = "Manufacturer"; Value = "Vishay Dale"; VariantName = "[No Variations]"
Add component (AddParameter): Name = "Part Number"; Value = "CRCW080562R0JNTA"; VariantName = "[No Variations]"
Added Component: Designator=R?(FP-RN73R2A-IPC_A)
Added Component: Designator=R?(RESC2013X50X30NL20T20)
Add component (AddParameter): Name = "Manufacturer"; Value = "Vishay Dale"; VariantName = "[No Variations]"
Add component (AddParameter): Name = "Part Number"; Value = "CRCW080562R0JNTA"; VariantName = "[No Variations]"
Added Component: Designator=R?(RESC2013X50X30NL20T20)
Add component (AddParameter): Name = "Manufacturer"; Value = "Vishay Dale"; VariantName = "[No Variations]"
Add component (AddParameter): Name = "Part Number"; Value = "CRCW080562R0JNTA"; VariantName = "[No Variations]"
Added Component: Designator=R?(RESC2013X50X30NL20T20)
Add component (AddParameter): Name = "Manufacturer"; Value = "Vishay Dale"; VariantName = "[No Variations]"
Add component (AddParameter): Name = "Part Number"; Value = "CRCW080562R0JNTA"; VariantName = "[No Variations]"
Added Component: Designator=R?(RESC2013X50X30NL20T20)
Add component (AddParameter): Name = "Manufacturer"; Value = "Vishay Dale"; VariantName = "[No Variations]"
Add component (AddParameter): Name = "Part Number"; Value = "CRCW080562R0JNTA"; VariantName = "[No Variations]"
Added Component: Designator=R?(RESC2013X50X30NL20T20)
Add component (AddParameter): Name = "Manufacturer"; Value = "Vishay Dale"; VariantName = "[No Variations]"
Add component (AddParameter): Name = "Part Number"; Value = "CRCW080562R0JNTA"; VariantName = "[No Variations]"
Added Component: Designator=R?(RESC2013X50X30NL20T20)
Add component (AddParameter): Name = "Manufacturer"; Value = "Vishay Dale"; VariantName = "[No Variations]"
Add component (AddParameter): Name = "Part Number"; Value = "CRCW080562R0JNTA"; VariantName = "[No Variations]"
Added Component: Designator=R?(RESC2013X50X30NL20T20)
Add component (AddParameter): Name = "Manufacturer"; Value = "Vishay Dale"; VariantName = "[No Variations]"
Add component (AddParameter): Name = "Part Number"; Value = "CRCW080562R0JNTA"; VariantName = "[No Variations]"
Added Component: Designator=R?(RESC2013X50X30NL20T20)
Add component (AddParameter): Name = "Manufacturer"; Value = "Vishay Dale"; VariantName = "[No Variations]"
Add component (AddParameter): Name = "Part Number"; Value = "CRCW080562R0JNTA"; VariantName = "[No Variations]"
Added Component: Designator=R?(RESC0805(2012)_L)
Add component (AddParameter): Name = "Case-EIA"; Value = "0805"; VariantName = "[No Variations]"
Add component (AddParameter): Name = "Case-Metric"; Value = "2012"; VariantName = "[No Variations]"
Add component (AddParameter): Name = "Power"; Value = "0.125 W"; VariantName = "[No Variations]"
Add component (AddParameter): Name = "Technology"; Value = "SMT"; VariantName = "[No Variations]"
Add component (AddParameter): Name = "Tolerance"; Value = "5 %"; VariantName = "[No Variations]"
Add component (AddParameter): Name = "Value"; Value = "10000.00 Ohm"; VariantName = "[No Variations]"
Added Component: Designator=SHT-?(FP-SHT30-DIS-B2_5KS-MFG)
Added Component: Designator=SW?(FP-EVP-AKE31A-MFG)
Add component (AddParameter): Name = "Automotive"; Value = "No"; VariantName = "[No Variations]"
Add component (AddParameter): Name = "Category"; Value = "Switch"; VariantName = "[No Variations]"
Add component (AddParameter): Name = "ComponentLink2Description"; Value = "Datasheet"; VariantName = "[No Variations]"
Add component (AddParameter): Name = "ComponentLink2URL"; Value = "https://www3.panasonic.biz/ac/e_download/control/switch/light-touch/catalog/sw_lt_eng_3819s_side.pdf?f_cd=402908&via=ok"; VariantName = "[No Variations]"
Add component (AddParameter): Name = "Contact Current Rating"; Value = "20mA"; VariantName = "[No Variations]"
Add component (AddParameter): Name = "Contact Resistance"; Value = "100m?"; VariantName = "[No Variations]"
Add component (AddParameter): Name = "Device Class L1"; Value = "Electromechanical"; VariantName = "[No Variations]"
Add component (AddParameter): Name = "Device Class L2"; Value = "Switches"; VariantName = "[No Variations]"
Add component (AddParameter): Name = "Device Class L3"; Value = "Tactile Switches"; VariantName = "[No Variations]"
Add component (AddParameter): Name = "Digikey Description"; Value = "3.8MM X 1.9MM / 1.6N / 0.12MM ST"; VariantName = "[No Variations]"
Add component (AddParameter): Name = "Electromechanical Life"; Value = "500000Cycles"; VariantName = "[No Variations]"
Add component (AddParameter): Name = "Height"; Value = "1.68mm"; VariantName = "[No Variations]"
Add component (AddParameter): Name = "Lead Free"; Value = "Yes"; VariantName = "[No Variations]"
Add component (AddParameter): Name = "Manufacturer"; Value = "Panasonic"; VariantName = "[No Variations]"
Add component (AddParameter): Name = "Manufacturer Part Number"; Value = "EVP-AKE31A"; VariantName = "[No Variations]"
Add component (AddParameter): Name = "Mount"; Value = "Surface Mount"; VariantName = "[No Variations]"
Add component (AddParameter): Name = "Mouser Description"; Value = "Switch Tactile N.O. SPST Rectangular Button Gull Wing 0.02A 15VDC 500000Cycles 1.6N SMD T/R"; VariantName = "[No Variations]"
Add component (AddParameter): Name = "Octopart"; Value = "https://octopart.com/evp-ake31a-panasonic-84742583"; VariantName = "[No Variations]"
Add component (AddParameter): Name = "Operating Force"; Value = "1.6N"; VariantName = "[No Variations]"
Add component (AddParameter): Name = "Package"; Value = "0"; VariantName = "[No Variations]"
Add component (AddParameter): Name = "RoHS"; Value = "TRUE"; VariantName = "[No Variations]"
Add component (AddParameter): Name = "Temperature"; Value = "-40°C to +85°C"; VariantName = "[No Variations]"
Add component (AddParameter): Name = "Temperature Range High"; Value = "+85°C"; VariantName = "[No Variations]"
Add component (AddParameter): Name = "Temperature Range Low"; Value = "-40°C"; VariantName = "[No Variations]"
Add component (AddParameter): Name = "Throw Configuration"; Value = "SPST-NO"; VariantName = "[No Variations]"
Add component (AddParameter): Name = "Voltage Rating Dc"; Value = "15V"; VariantName = "[No Variations]"
Added Component: Designator=SW?(FP-EVP-AKE31A-MFG)
Add component (AddParameter): Name = "Automotive"; Value = "No"; VariantName = "[No Variations]"
Add component (AddParameter): Name = "Category"; Value = "Switch"; VariantName = "[No Variations]"
Add component (AddParameter): Name = "ComponentLink2Description"; Value = "Datasheet"; VariantName = "[No Variations]"
Add component (AddParameter): Name = "ComponentLink2URL"; Value = "https://www3.panasonic.biz/ac/e_download/control/switch/light-touch/catalog/sw_lt_eng_3819s_side.pdf?f_cd=402908&via=ok"; VariantName = "[No Variations]"
Add component (AddParameter): Name = "Contact Current Rating"; Value = "20mA"; VariantName = "[No Variations]"
Add component (AddParameter): Name = "Contact Resistance"; Value = "100m?"; VariantName = "[No Variations]"
Add component (AddParameter): Name = "Device Class L1"; Value = "Electromechanical"; VariantName = "[No Variations]"
Add component (AddParameter): Name = "Device Class L2"; Value = "Switches"; VariantName = "[No Variations]"
Add component (AddParameter): Name = "Device Class L3"; Value = "Tactile Switches"; VariantName = "[No Variations]"
Add component (AddParameter): Name = "Digikey Description"; Value = "3.8MM X 1.9MM / 1.6N / 0.12MM ST"; VariantName = "[No Variations]"
Add component (AddParameter): Name = "Electromechanical Life"; Value = "500000Cycles"; VariantName = "[No Variations]"
Add component (AddParameter): Name = "Height"; Value = "1.68mm"; VariantName = "[No Variations]"
Add component (AddParameter): Name = "Lead Free"; Value = "Yes"; VariantName = "[No Variations]"
Add component (AddParameter): Name = "Manufacturer"; Value = "Panasonic"; VariantName = "[No Variations]"
Add component (AddParameter): Name = "Manufacturer Part Number"; Value = "EVP-AKE31A"; VariantName = "[No Variations]"
Add component (AddParameter): Name = "Mount"; Value = "Surface Mount"; VariantName = "[No Variations]"
Add component (AddParameter): Name = "Mouser Description"; Value = "Switch Tactile N.O. SPST Rectangular Button Gull Wing 0.02A 15VDC 500000Cycles 1.6N SMD T/R"; VariantName = "[No Variations]"
Add component (AddParameter): Name = "Octopart"; Value = "https://octopart.com/evp-ake31a-panasonic-84742583"; VariantName = "[No Variations]"
Add component (AddParameter): Name = "Operating Force"; Value = "1.6N"; VariantName = "[No Variations]"
Add component (AddParameter): Name = "Package"; Value = "0"; VariantName = "[No Variations]"
Add component (AddParameter): Name = "RoHS"; Value = "TRUE"; VariantName = "[No Variations]"
Add component (AddParameter): Name = "Temperature"; Value = "-40°C to +85°C"; VariantName = "[No Variations]"
Add component (AddParameter): Name = "Temperature Range High"; Value = "+85°C"; VariantName = "[No Variations]"
Add component (AddParameter): Name = "Temperature Range Low"; Value = "-40°C"; VariantName = "[No Variations]"
Add component (AddParameter): Name = "Throw Configuration"; Value = "SPST-NO"; VariantName = "[No Variations]"
Add component (AddParameter): Name = "Voltage Rating Dc"; Value = "15V"; VariantName = "[No Variations]"
Added Component: Designator=SW?(FP-EVP-AKE31A-MFG)
Add component (AddParameter): Name = "Automotive"; Value = "No"; VariantName = "[No Variations]"
Add component (AddParameter): Name = "Category"; Value = "Switch"; VariantName = "[No Variations]"
Add component (AddParameter): Name = "ComponentLink2Description"; Value = "Datasheet"; VariantName = "[No Variations]"
Add component (AddParameter): Name = "ComponentLink2URL"; Value = "https://www3.panasonic.biz/ac/e_download/control/switch/light-touch/catalog/sw_lt_eng_3819s_side.pdf?f_cd=402908&via=ok"; VariantName = "[No Variations]"
Add component (AddParameter): Name = "Contact Current Rating"; Value = "20mA"; VariantName = "[No Variations]"
Add component (AddParameter): Name = "Contact Resistance"; Value = "100m?"; VariantName = "[No Variations]"
Add component (AddParameter): Name = "Device Class L1"; Value = "Electromechanical"; VariantName = "[No Variations]"
Add component (AddParameter): Name = "Device Class L2"; Value = "Switches"; VariantName = "[No Variations]"
Add component (AddParameter): Name = "Device Class L3"; Value = "Tactile Switches"; VariantName = "[No Variations]"
Add component (AddParameter): Name = "Digikey Description"; Value = "3.8MM X 1.9MM / 1.6N / 0.12MM ST"; VariantName = "[No Variations]"
Add component (AddParameter): Name = "Electromechanical Life"; Value = "500000Cycles"; VariantName = "[No Variations]"
Add component (AddParameter): Name = "Height"; Value = "1.68mm"; VariantName = "[No Variations]"
Add component (AddParameter): Name = "Lead Free"; Value = "Yes"; VariantName = "[No Variations]"
Add component (AddParameter): Name = "Manufacturer"; Value = "Panasonic"; VariantName = "[No Variations]"
Add component (AddParameter): Name = "Manufacturer Part Number"; Value = "EVP-AKE31A"; VariantName = "[No Variations]"
Add component (AddParameter): Name = "Mount"; Value = "Surface Mount"; VariantName = "[No Variations]"
Add component (AddParameter): Name = "Mouser Description"; Value = "Switch Tactile N.O. SPST Rectangular Button Gull Wing 0.02A 15VDC 500000Cycles 1.6N SMD T/R"; VariantName = "[No Variations]"
Add component (AddParameter): Name = "Octopart"; Value = "https://octopart.com/evp-ake31a-panasonic-84742583"; VariantName = "[No Variations]"
Add component (AddParameter): Name = "Operating Force"; Value = "1.6N"; VariantName = "[No Variations]"
Add component (AddParameter): Name = "Package"; Value = "0"; VariantName = "[No Variations]"
Add component (AddParameter): Name = "RoHS"; Value = "TRUE"; VariantName = "[No Variations]"
Add component (AddParameter): Name = "Temperature"; Value = "-40°C to +85°C"; VariantName = "[No Variations]"
Add component (AddParameter): Name = "Temperature Range High"; Value = "+85°C"; VariantName = "[No Variations]"
Add component (AddParameter): Name = "Temperature Range Low"; Value = "-40°C"; VariantName = "[No Variations]"
Add component (AddParameter): Name = "Throw Configuration"; Value = "SPST-NO"; VariantName = "[No Variations]"
Add component (AddParameter): Name = "Voltage Rating Dc"; Value = "15V"; VariantName = "[No Variations]"
Added Component: Designator=SW?(FP-EVP-AKE31A-MFG)
Add component (AddParameter): Name = "Automotive"; Value = "No"; VariantName = "[No Variations]"
Add component (AddParameter): Name = "Category"; Value = "Switch"; VariantName = "[No Variations]"
Add component (AddParameter): Name = "ComponentLink2Description"; Value = "Datasheet"; VariantName = "[No Variations]"
Add component (AddParameter): Name = "ComponentLink2URL"; Value = "https://www3.panasonic.biz/ac/e_download/control/switch/light-touch/catalog/sw_lt_eng_3819s_side.pdf?f_cd=402908&via=ok"; VariantName = "[No Variations]"
Add component (AddParameter): Name = "Contact Current Rating"; Value = "20mA"; VariantName = "[No Variations]"
Add component (AddParameter): Name = "Contact Resistance"; Value = "100m?"; VariantName = "[No Variations]"
Add component (AddParameter): Name = "Device Class L1"; Value = "Electromechanical"; VariantName = "[No Variations]"
Add component (AddParameter): Name = "Device Class L2"; Value = "Switches"; VariantName = "[No Variations]"
Add component (AddParameter): Name = "Device Class L3"; Value = "Tactile Switches"; VariantName = "[No Variations]"
Add component (AddParameter): Name = "Digikey Description"; Value = "3.8MM X 1.9MM / 1.6N / 0.12MM ST"; VariantName = "[No Variations]"
Add component (AddParameter): Name = "Electromechanical Life"; Value = "500000Cycles"; VariantName = "[No Variations]"
Add component (AddParameter): Name = "Height"; Value = "1.68mm"; VariantName = "[No Variations]"
Add component (AddParameter): Name = "Lead Free"; Value = "Yes"; VariantName = "[No Variations]"
Add component (AddParameter): Name = "Manufacturer"; Value = "Panasonic"; VariantName = "[No Variations]"
Add component (AddParameter): Name = "Manufacturer Part Number"; Value = "EVP-AKE31A"; VariantName = "[No Variations]"
Add component (AddParameter): Name = "Mount"; Value = "Surface Mount"; VariantName = "[No Variations]"
Add component (AddParameter): Name = "Mouser Description"; Value = "Switch Tactile N.O. SPST Rectangular Button Gull Wing 0.02A 15VDC 500000Cycles 1.6N SMD T/R"; VariantName = "[No Variations]"
Add component (AddParameter): Name = "Octopart"; Value = "https://octopart.com/evp-ake31a-panasonic-84742583"; VariantName = "[No Variations]"
Add component (AddParameter): Name = "Operating Force"; Value = "1.6N"; VariantName = "[No Variations]"
Add component (AddParameter): Name = "Package"; Value = "0"; VariantName = "[No Variations]"
Add component (AddParameter): Name = "RoHS"; Value = "TRUE"; VariantName = "[No Variations]"
Add component (AddParameter): Name = "Temperature"; Value = "-40°C to +85°C"; VariantName = "[No Variations]"
Add component (AddParameter): Name = "Temperature Range High"; Value = "+85°C"; VariantName = "[No Variations]"
Add component (AddParameter): Name = "Temperature Range Low"; Value = "-40°C"; VariantName = "[No Variations]"
Add component (AddParameter): Name = "Throw Configuration"; Value = "SPST-NO"; VariantName = "[No Variations]"
Add component (AddParameter): Name = "Voltage Rating Dc"; Value = "15V"; VariantName = "[No Variations]"
Added Component: Designator=SW?(FP-PTS647SM38SMTR2LFS-MFG)
Add component (AddParameter): Name = "Actuator Type"; Value = "Standard"; VariantName = "[No Variations]"
Add component (AddParameter): Name = "Illumination Type"; Value = "Non-Illuminated"; VariantName = "[No Variations]"
Add component (AddParameter): Name = "Max Operating Temperature"; Value = "70°C"; VariantName = "[No Variations]"
Add component (AddParameter): Name = "Mechanical Life"; Value = "100000Cycles"; VariantName = "[No Variations]"
Add component (AddParameter): Name = "Min Operating Temperature"; Value = "-20°C"; VariantName = "[No Variations]"
Add component (AddParameter): Name = "Mount"; Value = "Surface Mount"; VariantName = "[No Variations]"
Add component (AddParameter): Name = "Operating Force"; Value = "180gf"; VariantName = "[No Variations]"
Add component (AddParameter): Name = "Packaging"; Value = "Cut Tape"; VariantName = "[No Variations]"
Add component (AddParameter): Name = "Ratings"; Value = "IP40"; VariantName = "[No Variations]"
Add component (AddParameter): Name = "Switch Function"; Value = "Off-Mom"; VariantName = "[No Variations]"
Add component (AddParameter): Name = "Switch Travel"; Value = "0.25mm"; VariantName = "[No Variations]"
Add component (AddParameter): Name = "Termination"; Value = "Gull Wing"; VariantName = "[No Variations]"
Add component (AddParameter): Name = "Throw Configuration"; Value = "SPST"; VariantName = "[No Variations]"
Added Component: Designator=U?(NT0024A)
Add component (AddParameter): Name = "Bits(#)"; Value = "16"; VariantName = "[No Variations]"
Add component (AddParameter): Name = "Channels(#)"; Value = "1"; VariantName = "[No Variations]"
Add component (AddParameter): Name = "Configuration"; Value = "4:16"; VariantName = "[No Variations]"
Add component (AddParameter): Name = "DatasheetVersion"; Value = "SCHS280C"; VariantName = "[No Variations]"
Add component (AddParameter): Name = "F @ Nom Voltage(Max)(Mhz)"; Value = "28"; VariantName = "[No Variations]"
Add component (AddParameter): Name = "Function"; Value = "Decoder/Demultiplexer"; VariantName = "[No Variations]"
Add component (AddParameter): Name = "Generic Part Number"; Value = "CD74HC4514"; VariantName = "[No Variations]"
Add component (AddParameter): Name = "ICC @ Nom Voltage(Max)(mA)"; Value = "0.08"; VariantName = "[No Variations]"
Add component (AddParameter): Name = "Input Type"; Value = "LVTTL/CMOS"; VariantName = "[No Variations]"
Add component (AddParameter): Name = "Manufacturer"; Value = "Texas Instruments"; VariantName = "[No Variations]"
Add component (AddParameter): Name = "Operating Temperature Range(C)"; Value = "-55 to 125"; VariantName = "[No Variations]"
Add component (AddParameter): Name = "Output Drive (IOL/IOH)(Max)(mA)"; Value = "5.2/-5.2"; VariantName = "[No Variations]"
Add component (AddParameter): Name = "Output Type"; Value = "CMOS"; VariantName = "[No Variations]"
Add component (AddParameter): Name = "PackageReference"; Value = "NT0024A"; VariantName = "[No Variations]"
Add component (AddParameter): Name = "Rating"; Value = "Catalog"; VariantName = "[No Variations]"
Add component (AddParameter): Name = "Schmitt Trigger"; Value = "No"; VariantName = "[No Variations]"
Add component (AddParameter): Name = "Technology Family"; Value = "HC"; VariantName = "[No Variations]"
Add component (AddParameter): Name = "tpd @ Nom Voltage(Max)(ns)"; Value = "23"; VariantName = "[No Variations]"
Add component (AddParameter): Name = "Type"; Value = "Standard"; VariantName = "[No Variations]"
Add component (AddParameter): Name = "VCC(Max)(V)"; Value = "6"; VariantName = "[No Variations]"
Add component (AddParameter): Name = "VCC(Min)(V)"; Value = "2"; VariantName = "[No Variations]"
Add component (AddParameter): Name = "Voltage(Nom)(V)"; Value = "3.3,5"; VariantName = "[No Variations]"
Added Component: Designator=U?(NT0024A)
Add component (AddParameter): Name = "Bits(#)"; Value = "16"; VariantName = "[No Variations]"
Add component (AddParameter): Name = "Channels(#)"; Value = "1"; VariantName = "[No Variations]"
Add component (AddParameter): Name = "Configuration"; Value = "4:16"; VariantName = "[No Variations]"
Add component (AddParameter): Name = "DatasheetVersion"; Value = "SCHS280C"; VariantName = "[No Variations]"
Add component (AddParameter): Name = "F @ Nom Voltage(Max)(Mhz)"; Value = "28"; VariantName = "[No Variations]"
Add component (AddParameter): Name = "Function"; Value = "Decoder/Demultiplexer"; VariantName = "[No Variations]"
Add component (AddParameter): Name = "Generic Part Number"; Value = "CD74HC4514"; VariantName = "[No Variations]"
Add component (AddParameter): Name = "ICC @ Nom Voltage(Max)(mA)"; Value = "0.08"; VariantName = "[No Variations]"
Add component (AddParameter): Name = "Input Type"; Value = "LVTTL/CMOS"; VariantName = "[No Variations]"
Add component (AddParameter): Name = "Manufacturer"; Value = "Texas Instruments"; VariantName = "[No Variations]"
Add component (AddParameter): Name = "Operating Temperature Range(C)"; Value = "-55 to 125"; VariantName = "[No Variations]"
Add component (AddParameter): Name = "Output Drive (IOL/IOH)(Max)(mA)"; Value = "5.2/-5.2"; VariantName = "[No Variations]"
Add component (AddParameter): Name = "Output Type"; Value = "CMOS"; VariantName = "[No Variations]"
Add component (AddParameter): Name = "PackageReference"; Value = "NT0024A"; VariantName = "[No Variations]"
Add component (AddParameter): Name = "Rating"; Value = "Catalog"; VariantName = "[No Variations]"
Add component (AddParameter): Name = "Schmitt Trigger"; Value = "No"; VariantName = "[No Variations]"
Add component (AddParameter): Name = "Technology Family"; Value = "HC"; VariantName = "[No Variations]"
Add component (AddParameter): Name = "tpd @ Nom Voltage(Max)(ns)"; Value = "23"; VariantName = "[No Variations]"
Add component (AddParameter): Name = "Type"; Value = "Standard"; VariantName = "[No Variations]"
Add component (AddParameter): Name = "VCC(Max)(V)"; Value = "6"; VariantName = "[No Variations]"
Add component (AddParameter): Name = "VCC(Min)(V)"; Value = "2"; VariantName = "[No Variations]"
Add component (AddParameter): Name = "Voltage(Nom)(V)"; Value = "3.3,5"; VariantName = "[No Variations]"
Added Component: Designator=U?(NT0024A)
Add component (AddParameter): Name = "Bits(#)"; Value = "16"; VariantName = "[No Variations]"
Add component (AddParameter): Name = "Channels(#)"; Value = "1"; VariantName = "[No Variations]"
Add component (AddParameter): Name = "Configuration"; Value = "4:16"; VariantName = "[No Variations]"
Add component (AddParameter): Name = "DatasheetVersion"; Value = "SCHS280C"; VariantName = "[No Variations]"
Add component (AddParameter): Name = "F @ Nom Voltage(Max)(Mhz)"; Value = "28"; VariantName = "[No Variations]"
Add component (AddParameter): Name = "Function"; Value = "Decoder/Demultiplexer"; VariantName = "[No Variations]"
Add component (AddParameter): Name = "Generic Part Number"; Value = "CD74HC4514"; VariantName = "[No Variations]"
Add component (AddParameter): Name = "ICC @ Nom Voltage(Max)(mA)"; Value = "0.08"; VariantName = "[No Variations]"
Add component (AddParameter): Name = "Input Type"; Value = "LVTTL/CMOS"; VariantName = "[No Variations]"
Add component (AddParameter): Name = "Manufacturer"; Value = "Texas Instruments"; VariantName = "[No Variations]"
Add component (AddParameter): Name = "Operating Temperature Range(C)"; Value = "-55 to 125"; VariantName = "[No Variations]"
Add component (AddParameter): Name = "Output Drive (IOL/IOH)(Max)(mA)"; Value = "5.2/-5.2"; VariantName = "[No Variations]"
Add component (AddParameter): Name = "Output Type"; Value = "CMOS"; VariantName = "[No Variations]"
Add component (AddParameter): Name = "PackageReference"; Value = "NT0024A"; VariantName = "[No Variations]"
Add component (AddParameter): Name = "Rating"; Value = "Catalog"; VariantName = "[No Variations]"
Add component (AddParameter): Name = "Schmitt Trigger"; Value = "No"; VariantName = "[No Variations]"
Add component (AddParameter): Name = "Technology Family"; Value = "HC"; VariantName = "[No Variations]"
Add component (AddParameter): Name = "tpd @ Nom Voltage(Max)(ns)"; Value = "23"; VariantName = "[No Variations]"
Add component (AddParameter): Name = "Type"; Value = "Standard"; VariantName = "[No Variations]"
Add component (AddParameter): Name = "VCC(Max)(V)"; Value = "6"; VariantName = "[No Variations]"
Add component (AddParameter): Name = "VCC(Min)(V)"; Value = "2"; VariantName = "[No Variations]"
Add component (AddParameter): Name = "Voltage(Nom)(V)"; Value = "3.3,5"; VariantName = "[No Variations]"
Added Pin To Net: NetName=GND Pin=BMP-?-1
Added Pin To Net: NetName=CS Pin=BMP-?-2
Added Pin To Net: NetName=SDA Pin=BMP-?-3
Added Pin To Net: NetName=SCL Pin=BMP-?-4
Added Pin To Net: NetName=CS Pin=BMP-?-6
Added Pin To Net: NetName=GND Pin=BMP-?-7
Added Pin To Net: NetName=CS Pin=BMP-?-8
Added Pin To Net: NetName=CS Pin=C?-1
Added Pin To Net: NetName=CS Pin=C?-1
Added Pin To Net: NetName=GND Pin=C?-1
Added Pin To Net: NetName=VCC5 Pin=C?-1
Added Pin To Net: NetName=VCC5 Pin=C?-1
Added Pin To Net: NetName=VCC5 Pin=C?-1
Added Pin To Net: NetName=VDD33 Pin=C?-1
Added Pin To Net: NetName=VDD33 Pin=C?-1
Added Pin To Net: NetName=VDD33 Pin=C?-1
Added Pin To Net: NetName=GND Pin=C?-2
Added Pin To Net: NetName=GND Pin=C?-2
Added Pin To Net: NetName=GND Pin=C?-2
Added Pin To Net: NetName=GND Pin=C?-2
Added Pin To Net: NetName=GND Pin=C?-2
Added Pin To Net: NetName=GND Pin=C?-2
Added Pin To Net: NetName=GND Pin=C?-2
Added Pin To Net: NetName=GND Pin=C?-2
Added Pin To Net: NetName=GND Pin=cn?-1
Added Pin To Net: NetName=GND Pin=mcu-?-1
Added Pin To Net: NetName=VDD33 Pin=mcu-?-2
Added Pin To Net: NetName=3BTN Pin=mcu-?-6
Added Pin To Net: NetName=4BTN Pin=mcu-?-7
Added Pin To Net: NetName=1BTN Pin=mcu-?-8
Added Pin To Net: NetName=2BTN Pin=mcu-?-9
Added Pin To Net: NetName=LED_RED Pin=mcu-?-10
Added Pin To Net: NetName=LED_GREEN Pin=mcu-?-11
Added Pin To Net: NetName=LED_BLUE Pin=mcu-?-12
Added Pin To Net: NetName=AN-2 Pin=mcu-?-13
Added Pin To Net: NetName=CT-4 Pin=mcu-?-14
Added Pin To Net: NetName=GND Pin=mcu-?-15
Added Pin To Net: NetName=AN-1 Pin=mcu-?-16
Added Pin To Net: NetName=AN-3 Pin=mcu-?-23
Added Pin To Net: NetName=CT-1 Pin=mcu-?-24
Added Pin To Net: NetName=BootBTN Pin=mcu-?-25
Added Pin To Net: NetName=CT-2 Pin=mcu-?-26
Added Pin To Net: NetName=AN-4 Pin=mcu-?-27
Added Pin To Net: NetName=CT-3 Pin=mcu-?-29
Added Pin To Net: NetName=SCL Pin=mcu-?-36
Added Pin To Net: NetName=SDA Pin=mcu-?-37
Added Pin To Net: NetName=GND Pin=mcu-?-38
Added Pin To Net: NetName=GND Pin=mcu-?-39
Added Pin To Net: NetName=GND Pin=mcu-?-39
Added Pin To Net: NetName=GND Pin=mcu-?-39
Added Pin To Net: NetName=GND Pin=mcu-?-39
Added Pin To Net: NetName=GND Pin=mcu-?-39
Added Pin To Net: NetName=GND Pin=mcu-?-39
Added Pin To Net: NetName=GND Pin=mcu-?-39
Added Pin To Net: NetName=GND Pin=mcu-?-39
Added Pin To Net: NetName=GND Pin=mcu-?-39
Added Pin To Net: NetName=VCC5 Pin=PW?-9
Added Pin To Net: NetName=VCC5 Pin=PW?-9
Added Pin To Net: NetName=VCC5 Pin=PW?-9
Added Pin To Net: NetName=VCC5 Pin=PW?-9
Added Pin To Net: NetName=GND Pin=PW?-10
Added Pin To Net: NetName=GND Pin=PW?-10
Added Pin To Net: NetName=GND Pin=PW?-10
Added Pin To Net: NetName=GND Pin=PW?-10
Added Pin To Net: NetName=GND Pin=Q?-2
Added Pin To Net: NetName=GND Pin=Q?-2
Added Pin To Net: NetName=GND Pin=Q?-2
Added Pin To Net: NetName=GND Pin=Q?-2
Added Pin To Net: NetName=GND Pin=Q?-2
Added Pin To Net: NetName=GND Pin=Q?-2
Added Pin To Net: NetName=GND Pin=Q?-2
Added Pin To Net: NetName=GND Pin=Q?-2
Added Pin To Net: NetName=GND Pin=Q?-2
Added Pin To Net: NetName=GND Pin=Q?-3
Added Pin To Net: NetName=GND Pin=Q?-3
Added Pin To Net: NetName=GND Pin=Q?-3
Added Pin To Net: NetName=GND Pin=Q?-3
Added Pin To Net: NetName=GND Pin=Q?-3
Added Pin To Net: NetName=GND Pin=Q?-3
Added Pin To Net: NetName=GND Pin=Q?-3
Added Pin To Net: NetName=GND Pin=Q?-3
Added Pin To Net: NetName=VCC180 Pin=Q?-4
Added Pin To Net: NetName=A1 Pin=R?-1
Added Pin To Net: NetName=A2 Pin=R?-1
Added Pin To Net: NetName=A3 Pin=R?-1
Added Pin To Net: NetName=A4 Pin=R?-1
Added Pin To Net: NetName=A5 Pin=R?-1
Added Pin To Net: NetName=A6 Pin=R?-1
Added Pin To Net: NetName=D0 Pin=R?-1
Added Pin To Net: NetName=D1 Pin=R?-1
Added Pin To Net: NetName=D2 Pin=R?-1
Added Pin To Net: NetName=D3 Pin=R?-1
Added Pin To Net: NetName=D4 Pin=R?-1
Added Pin To Net: NetName=D5 Pin=R?-1
Added Pin To Net: NetName=D6 Pin=R?-1
Added Pin To Net: NetName=D7 Pin=R?-1
Added Pin To Net: NetName=D8 Pin=R?-1
Added Pin To Net: NetName=D9 Pin=R?-1
Added Pin To Net: NetName=VDD33 Pin=R?-1
Added Pin To Net: NetName=VDD33 Pin=R?-1
Added Pin To Net: NetName=SCL Pin=R?-2
Added Pin To Net: NetName=SDA Pin=R?-2
Added Pin To Net: NetName=VDD33 Pin=R?-2
Added Pin To Net: NetName=SDA Pin=SHT-?-1
Added Pin To Net: NetName=GND Pin=SHT-?-2
Added Pin To Net: NetName=SCL Pin=SHT-?-4
Added Pin To Net: NetName=VDD33 Pin=SHT-?-5
Added Pin To Net: NetName=GND Pin=SHT-?-8
Added Pin To Net: NetName=GND Pin=SHT-?-9
Added Pin To Net: NetName=GND Pin=SW?-1
Added Pin To Net: NetName=GND Pin=SW?-1
Added Pin To Net: NetName=GND Pin=SW?-1
Added Pin To Net: NetName=GND Pin=SW?-1
Added Pin To Net: NetName=GND Pin=SW?-1
Added Pin To Net: NetName=GND Pin=SW?-2
Added Pin To Net: NetName=GND Pin=SW?-2
Added Pin To Net: NetName=GND Pin=SW?-2
Added Pin To Net: NetName=GND Pin=SW?-2
Added Pin To Net: NetName=GND Pin=SW?-2
Added Pin To Net: NetName=BootBTN Pin=SW?-3
Added Pin To Net: NetName=GND Pin=SW?-3
Added Pin To Net: NetName=GND Pin=SW?-3
Added Pin To Net: NetName=GND Pin=SW?-3
Added Pin To Net: NetName=GND Pin=SW?-3
Added Pin To Net: NetName=BootBTN Pin=SW?-4
Added Pin To Net: NetName=1BTN Pin=SW?-A'
Added Pin To Net: NetName=2BTN Pin=SW?-A'
Added Pin To Net: NetName=3BTN Pin=SW?-A'
Added Pin To Net: NetName=4BTN Pin=SW?-A'
Added Pin To Net: NetName=GND Pin=SW?-A
Added Pin To Net: NetName=GND Pin=SW?-A
Added Pin To Net: NetName=GND Pin=SW?-A
Added Pin To Net: NetName=GND Pin=SW?-A
Added Pin To Net: NetName=GND Pin=U?-1
Added Pin To Net: NetName=GND Pin=U?-1
Added Pin To Net: NetName=GND Pin=U?-1
Added Pin To Net: NetName=AN-1 Pin=U?-2
Added Pin To Net: NetName=CT-1 Pin=U?-2
Added Pin To Net: NetName=AN-2 Pin=U?-3
Added Pin To Net: NetName=CT-2 Pin=U?-3
Added Pin To Net: NetName=GND Pin=U?-12
Added Pin To Net: NetName=GND Pin=U?-12
Added Pin To Net: NetName=GND Pin=U?-12
Added Pin To Net: NetName=AN-3 Pin=U?-21
Added Pin To Net: NetName=CT-3 Pin=U?-21
Added Pin To Net: NetName=AN-4 Pin=U?-22
Added Pin To Net: NetName=CT-4 Pin=U?-22
Added Pin To Net: NetName=VDD33 Pin=U?-23
Added Pin To Net: NetName=VDD33 Pin=U?-23
Added Pin To Net: NetName=VDD33 Pin=U?-23
Added Pin To Net: NetName=VCC5 Pin=U?-24
Added Pin To Net: NetName=VCC5 Pin=U?-24
Added Pin To Net: NetName=VCC5 Pin=U?-24
Added Pin To Net: NetName=AS Pin=Q?-1
Added Pin To Net: NetName=AS Pin=R?-1
Added Net: Name=AS
Added Pin To Net: NetName=NetC?_2 Pin=C?-2
Added Pin To Net: NetName=NetC?_2 Pin=mcu-?-3
Added Pin To Net: NetName=NetC?_2 Pin=R?-1
Added Net: Name=NetC?_2
Added Pin To Net: NetName=Netcn?_2 Pin=cn?-2
Added Pin To Net: NetName=Netcn?_2 Pin=mcu-?-35
Added Net: Name=Netcn?_2
Added Pin To Net: NetName=Netcn?_3 Pin=cn?-3
Added Pin To Net: NetName=Netcn?_3 Pin=mcu-?-34
Added Net: Name=Netcn?_3
Added Pin To Net: NetName=NetIN-?_ 1 Pin=Q?-3
Added Pin To Net: NetName=NetIN-?_ 1 Pin=IN-?-1
Added Net: Name=NetIN-?_ 1
Added Pin To Net: NetName=NetPW?_1 Pin=PW?-1
Added Pin To Net: NetName=NetPW?_1 Pin=U?-11
Added Net: Name=NetPW?_1
Add Net: Net with name "NetPW?_1" already exists
Add Net: Net with name "NetPW?_1" already exists
Add Net: Net with name "NetPW?_1" already exists
Added Pin To Net: NetName=NetPW?_2 Pin=PW?-2
Added Pin To Net: NetName=NetPW?_2 Pin=U?-9
Added Net: Name=NetPW?_2
Add Net: Net with name "NetPW?_2" already exists
Add Net: Net with name "NetPW?_2" already exists
Added Pin To Net: NetName=NetPW?_3 Pin=PW?-3
Added Pin To Net: NetName=NetPW?_3 Pin=U?-10
Added Net: Name=NetPW?_3
Add Net: Net with name "NetPW?_3" already exists
Add Net: Net with name "NetPW?_3" already exists
Added Pin To Net: NetName=NetPW?_4 Pin=PW?-4
Added Pin To Net: NetName=NetPW?_4 Pin=U?-8
Added Net: Name=NetPW?_4
Add Net: Net with name "NetPW?_4" already exists
Add Net: Net with name "NetPW?_4" already exists
Added Pin To Net: NetName=NetPW?_5 Pin=PW?-5
Added Pin To Net: NetName=NetPW?_5 Pin=U?-7
Added Net: Name=NetPW?_5
Add Net: Net with name "NetPW?_5" already exists
Add Net: Net with name "NetPW?_5" already exists
Added Pin To Net: NetName=NetPW?_6 Pin=PW?-6
Added Pin To Net: NetName=NetPW?_6 Pin=U?-8
Added Net: Name=NetPW?_6
Add Net: Net with name "NetPW?_6" already exists
Add Net: Net with name "NetPW?_6" already exists
Added Pin To Net: NetName=NetPW?_7 Pin=PW?-7
Added Pin To Net: NetName=NetPW?_7 Pin=U?-7
Added Net: Name=NetPW?_7
Add Net: Net with name "NetPW?_7" already exists
Add Net: Net with name "NetPW?_7" already exists
Added Pin To Net: NetName=NetPW?_8 Pin=PW?-8
Added Pin To Net: NetName=NetPW?_8 Pin=U?-6
Added Net: Name=NetPW?_8
Add Net: Net with name "NetPW?_8" already exists
Add Net: Net with name "NetPW?_8" already exists
Added Pin To Net: NetName=NetPW?_11 Pin=PW?-11
Added Pin To Net: NetName=NetPW?_11 Pin=R?-2
Added Net: Name=NetPW?_11
Add Net: Net with name "NetPW?_11" already exists
Add Net: Net with name "NetPW?_11" already exists
Added Pin To Net: NetName=NetPW?_12 Pin=PW?-12
Added Pin To Net: NetName=NetPW?_12 Pin=R?-2
Added Net: Name=NetPW?_12
Add Net: Net with name "NetPW?_12" already exists
Add Net: Net with name "NetPW?_12" already exists
Added Pin To Net: NetName=NetPW?_13 Pin=PW?-13
Added Pin To Net: NetName=NetPW?_13 Pin=R?-2
Added Net: Name=NetPW?_13
Add Net: Net with name "NetPW?_13" already exists
Add Net: Net with name "NetPW?_13" already exists
Added Pin To Net: NetName=NetPW?_14 Pin=PW?-14
Added Pin To Net: NetName=NetPW?_14 Pin=R?-2
Added Net: Name=NetPW?_14
Add Net: Net with name "NetPW?_14" already exists
Add Net: Net with name "NetPW?_14" already exists
Added Pin To Net: NetName=NetPW?_15 Pin=PW?-15
Added Pin To Net: NetName=NetPW?_15 Pin=R?-2
Added Net: Name=NetPW?_15
Add Net: Net with name "NetPW?_15" already exists
Add Net: Net with name "NetPW?_15" already exists
Added Pin To Net: NetName=NetPW?_16 Pin=PW?-16
Added Pin To Net: NetName=NetPW?_16 Pin=R?-2
Added Net: Name=NetPW?_16
Add Net: Net with name "NetPW?_16" already exists
Add Net: Net with name "NetPW?_16" already exists
Added Pin To Net: NetName=NetPW?_17 Pin=PW?-17
Added Pin To Net: NetName=NetPW?_17 Pin=R?-2
Added Net: Name=NetPW?_17
Add Net: Net with name "NetPW?_17" already exists
Add Net: Net with name "NetPW?_17" already exists
Added Pin To Net: NetName=NetPW?_18 Pin=PW?-18
Added Pin To Net: NetName=NetPW?_18 Pin=R?-2
Added Net: Name=NetPW?_18
Add Net: Net with name "NetPW?_18" already exists
Add Net: Net with name "NetPW?_18" already exists
Add Net: Net with name "NetPW?_18" already exists
Added Pin To Net: NetName=S1 Pin=Q?-1
Added Pin To Net: NetName=S1 Pin=R?-1
Added Net: Name=S1
Added Pin To Net: NetName=S2 Pin=Q?-1
Added Pin To Net: NetName=S2 Pin=R?-1
Added Net: Name=S2
Added Pin To Net: NetName=S3 Pin=Q?-1
Added Pin To Net: NetName=S3 Pin=R?-1
Added Net: Name=S3
Added Pin To Net: NetName=S4 Pin=Q?-1
Added Pin To Net: NetName=S4 Pin=R?-1
Added Net: Name=S4
Added Pin To Net: NetName=S5 Pin=Q?-1
Added Pin To Net: NetName=S5 Pin=R?-1
Added Net: Name=S5
Added Pin To Net: NetName=S6 Pin=Q?-1
Added Pin To Net: NetName=S6 Pin=R?-1
Added Net: Name=S6
Added Pin To Net: NetName=S7 Pin=Q?-1
Added Pin To Net: NetName=S7 Pin=R?-1
Added Net: Name=S7
Added Pin To Net: NetName=S8 Pin=Q?-1
Added Pin To Net: NetName=S8 Pin=R?-1
Added Net: Name=S8
Added Pin To Net: NetName=SMB-1 Pin=mcu-?-28
Added Pin To Net: NetName=SMB-1 Pin=U?-2
Added Net: Name=SMB-1
Added Pin To Net: NetName=SMB-2 Pin=mcu-?-30
Added Pin To Net: NetName=SMB-2 Pin=U?-3
Added Net: Name=SMB-2
Added Pin To Net: NetName=SMB-3 Pin=mcu-?-31
Added Pin To Net: NetName=SMB-3 Pin=U?-21
Added Net: Name=SMB-3
Added Pin To Net: NetName=SMB-4 Pin=mcu-?-33
Added Pin To Net: NetName=SMB-4 Pin=U?-22
Added Net: Name=SMB-4
Added Member To Class: ClassName=Main_Logic Member=Component BMP-? BMP280
Added Member To Class: ClassName=Main_Logic Member=Component C? 0.1uF
Added Member To Class: ClassName=Main_Logic Member=Component C? 10uF
Added Member To Class: ClassName=Main_Logic Member=Component C? 100nF
Added Member To Class: ClassName=Main_Logic Member=Component C? 100nF
Added Member To Class: ClassName=Main_Logic Member=Component C? 100nF
Added Member To Class: ClassName=Main_Logic Member=Component C? 100nF
Added Member To Class: ClassName=Main_Logic Member=Component C? 100nF
Added Member To Class: ClassName=Main_Logic Member=Component C? 100nF
Added Member To Class: ClassName=Main_Logic Member=Component C? 1uF
Added Member To Class: ClassName=Main_Logic Member=Component cn? Con1x3-UART
Added Member To Class: ClassName=Lamp Member=Component IN-? IN-14
Added Member To Class: ClassName=Main_Logic Member=Component mcu-? ESP32-WROOM-32U (16MB)
Added Member To Class: ClassName=Main_Logic Member=Component PW? TD62783AFG
Added Member To Class: ClassName=Main_Logic Member=Component PW? TD62783AFG
Added Member To Class: ClassName=Main_Logic Member=Component PW? TD62783AFG
Added Member To Class: ClassName=Main_Logic Member=Component PW? TD62783AFG
Added Member To Class: ClassName=Lamp Member=Component Q? 140817142400
Added Member To Class: ClassName=Lamp Member=Component Q? 140817142400
Added Member To Class: ClassName=Lamp Member=Component Q? 140817142400
Added Member To Class: ClassName=Lamp Member=Component Q? 140817142400
Added Member To Class: ClassName=Lamp Member=Component Q? 140817142400
Added Member To Class: ClassName=Lamp Member=Component Q? 140817142400
Added Member To Class: ClassName=Lamp Member=Component Q? 140817142400
Added Member To Class: ClassName=Lamp Member=Component Q? 140817142400
Added Member To Class: ClassName=Lamp Member=Component Q? 140817142400
Added Member To Class: ClassName=Main_Logic Member=Component R? 62
Added Member To Class: ClassName=Main_Logic Member=Component R? 62
Added Member To Class: ClassName=Main_Logic Member=Component R? 62
Added Member To Class: ClassName=Main_Logic Member=Component R? 62
Added Member To Class: ClassName=Main_Logic Member=Component R? 62
Added Member To Class: ClassName=Main_Logic Member=Component R? 62
Added Member To Class: ClassName=Main_Logic Member=Component R? 62
Added Member To Class: ClassName=Main_Logic Member=Component R? 62
Added Member To Class: ClassName=Main_Logic Member=Component R? 62
Added Member To Class: ClassName=Main_Logic Member=Component R? 62
Added Member To Class: ClassName=Main_Logic Member=Component R? 62
Added Member To Class: ClassName=Main_Logic Member=Component R? 62
Added Member To Class: ClassName=Main_Logic Member=Component R? 62
Added Member To Class: ClassName=Main_Logic Member=Component R? 62
Added Member To Class: ClassName=Main_Logic Member=Component R? 10K
Added Member To Class: ClassName=Main_Logic Member=Component R? 62
Added Member To Class: ClassName=Main_Logic Member=Component R? 62
Added Member To Class: ClassName=Main_Logic Member=Component R? 62
Added Member To Class: ClassName=Main_Logic Member=Component R? 10k
Added Member To Class: ClassName=Main_Logic Member=Component R? 62
Added Member To Class: ClassName=Main_Logic Member=Component R? 62
Added Member To Class: ClassName=Main_Logic Member=Component R? 62
Added Member To Class: ClassName=Main_Logic Member=Component R? 62
Added Member To Class: ClassName=Main_Logic Member=Component R? 62
Added Member To Class: ClassName=Main_Logic Member=Component R? 62
Added Member To Class: ClassName=Main_Logic Member=Component R? 62
Added Member To Class: ClassName=Main_Logic Member=Component R? 62
Added Member To Class: ClassName=Main_Logic Member=Component R? 10K
Added Member To Class: ClassName=Main_Logic Member=Component SHT-? SHT30-DIS-B2.5KS
Added Member To Class: ClassName=Main_Logic Member=Component SW? EVP-AKE31A
Added Member To Class: ClassName=Main_Logic Member=Component SW? EVP-AKE31A
Added Member To Class: ClassName=Main_Logic Member=Component SW? EVP-AKE31A
Added Member To Class: ClassName=Main_Logic Member=Component SW? EVP-AKE31A
Added Member To Class: ClassName=Main_Logic Member=Component SW? PTS647SM38SMTR2LFS
Added Member To Class: ClassName=Main_Logic Member=Component U? Decoder - CT
Added Member To Class: ClassName=Main_Logic Member=Component U? Decoder - AN
Added Member To Class: ClassName=Main_Logic Member=Component U? Decoder - AN
