Add Net: Net with name "NetPW?_1" already exists
Add Net: Net with name "NetPW?_1" already exists
Add Net: Net with name "NetPW?_1" already exists
Add Net: Net with name "NetPW?_2" already exists
Add Net: Net with name "NetPW?_2" already exists
Add Net: Net with name "NetPW?_3" already exists
Add Net: Net with name "NetPW?_3" already exists
Add Net: Net with name "NetPW?_4" already exists
Add Net: Net with name "NetPW?_4" already exists
Add Net: Net with name "NetPW?_5" already exists
Add Net: Net with name "NetPW?_5" already exists
Add Net: Net with name "NetPW?_6" already exists
Add Net: Net with name "NetPW?_6" already exists
Add Net: Net with name "NetPW?_7" already exists
Add Net: Net with name "NetPW?_7" already exists
Add Net: Net with name "NetPW?_8" already exists
Add Net: Net with name "NetPW?_8" already exists
Add Net: Net with name "NetPW?_11" already exists
Add Net: Net with name "NetPW?_11" already exists
Add Net: Net with name "NetPW?_12" already exists
Add Net: Net with name "NetPW?_12" already exists
Add Net: Net with name "NetPW?_13" already exists
Add Net: Net with name "NetPW?_13" already exists
Add Net: Net with name "NetPW?_14" already exists
Add Net: Net with name "NetPW?_14" already exists
Add Net: Net with name "NetPW?_15" already exists
Add Net: Net with name "NetPW?_15" already exists
Add Net: Net with name "NetPW?_16" already exists
Add Net: Net with name "NetPW?_16" already exists
Add Net: Net with name "NetPW?_17" already exists
Add Net: Net with name "NetPW?_17" already exists
Add Net: Net with name "NetPW?_18" already exists
Add Net: Net with name "NetPW?_18" already exists
Add Net: Net with name "NetPW?_18" already exists
Added Member To Class: ClassName=Main_Logic Member=Component C? 100nF
Added Member To Class: ClassName=Main_Logic Member=Component C? 10uF
Added Member To Class: ClassName=Main_Logic Member=Component C? 1uF
Added Member To Class: ClassName=Main_Logic Member=Component C? 100nF
Added Member To Class: ClassName=Main_Logic Member=Component C? 100nF
Added Member To Class: ClassName=Main_Logic Member=Component C? 100nF
Added Member To Class: ClassName=Main_Logic Member=Component C? 0.1uF
Added Member To Class: ClassName=Main_Logic Member=Component C? 100nF
Added Member To Class: ClassName=Main_Logic Member=Component PW? TD62783AFG
Added Member To Class: ClassName=Main_Logic Member=Component PW? TD62783AFG
Added Member To Class: ClassName=Main_Logic Member=Component PW? TD62783AFG
Added Member To Class: ClassName=Lamp Member=Component Q? 140817142400
Added Member To Class: ClassName=Lamp Member=Component Q? 140817142400
Added Member To Class: ClassName=Lamp Member=Component Q? 140817142400
Added Member To Class: ClassName=Lamp Member=Component Q? 140817142400
Added Member To Class: ClassName=Lamp Member=Component Q? 140817142400
Added Member To Class: ClassName=Lamp Member=Component Q? 140817142400
Added Member To Class: ClassName=Lamp Member=Component Q? 140817142400
Added Member To Class: ClassName=Lamp Member=Component Q? 140817142400
Added Member To Class: ClassName=Main_Logic Member=Component R? 62
Added Member To Class: ClassName=Main_Logic Member=Component R? 62
Added Member To Class: ClassName=Main_Logic Member=Component R? 62
Added Member To Class: ClassName=Main_Logic Member=Component R? 10K
Added Member To Class: ClassName=Main_Logic Member=Component R? 62
Added Member To Class: ClassName=Main_Logic Member=Component R? 62
Added Member To Class: ClassName=Main_Logic Member=Component R? 62
Added Member To Class: ClassName=Main_Logic Member=Component R? 62
Added Member To Class: ClassName=Main_Logic Member=Component R? 62
Added Member To Class: ClassName=Main_Logic Member=Component R? 62
Added Member To Class: ClassName=Main_Logic Member=Component R? 62
Added Member To Class: ClassName=Main_Logic Member=Component R? 62
Added Member To Class: ClassName=Main_Logic Member=Component R? 62
Added Member To Class: ClassName=Main_Logic Member=Component R? 10K
Added Member To Class: ClassName=Main_Logic Member=Component R? 62
Added Member To Class: ClassName=Main_Logic Member=Component R? 62
Added Member To Class: ClassName=Main_Logic Member=Component R? 10k
Added Member To Class: ClassName=Main_Logic Member=Component R? 62
Added Member To Class: ClassName=Main_Logic Member=Component R? 62
Added Member To Class: ClassName=Main_Logic Member=Component R? 62
Added Member To Class: ClassName=Main_Logic Member=Component R? 62
Added Member To Class: ClassName=Main_Logic Member=Component R? 62
Added Member To Class: ClassName=Main_Logic Member=Component R? 62
Added Member To Class: ClassName=Main_Logic Member=Component R? 62
Added Member To Class: ClassName=Main_Logic Member=Component R? 62
Added Member To Class: ClassName=Main_Logic Member=Component R? 62
Added Member To Class: ClassName=Main_Logic Member=Component R? 62
Added Member To Class: ClassName=Main_Logic Member=Component SW? EVP-AKE31A
Added Member To Class: ClassName=Main_Logic Member=Component SW? EVP-AKE31A
Added Member To Class: ClassName=Main_Logic Member=Component SW? EVP-AKE31A
Added Member To Class: ClassName=Main_Logic Member=Component SW? EVP-AKE31A
Added Member To Class: ClassName=Main_Logic Member=Component U? Decoder - CT
Added Member To Class: ClassName=Main_Logic Member=Component U? Decoder - AN
