Change Component Designator: OldDesignator=BMP-1 NewDesignator=BMP-?
Change Component Designator: OldDesignator=C1 NewDesignator=C9
Change Component Designator: OldDesignator=C2 NewDesignator=C10
Change Component Designator: OldDesignator=C3 NewDesignator=C11
Change Component Designator: OldDesignator=C4 NewDesignator=C12
Change Component Designator: OldDesignator=C5 NewDesignator=C13
Change Component Designator: OldDesignator=C6 NewDesignator=C14
Change Component Designator: OldDesignator=C7 NewDesignator=C15
Change Component Designator: OldDesignator=C8 NewDesignator=C16
Change Component Designator: OldDesignator=C9 NewDesignator=C17
Change Component Designator: OldDesignator=C10 NewDesignator=C18
Change Component Designator: OldDesignator=C11 NewDesignator=C19
Change Component Designator: OldDesignator=C12 NewDesignator=C20
Change Component Designator: OldDesignator=C13 NewDesignator=C?
Change Component Designator: OldDesignator=C14 NewDesignator=C?
Change Component Designator: OldDesignator=C15 NewDesignator=C?
Change Component Designator: OldDesignator=C16 NewDesignator=C?
Change Component Designator: OldDesignator=C17 NewDesignator=C?
Change Component Designator: OldDesignator=C18 NewDesignator=C?
Change Component Designator: OldDesignator=C19 NewDesignator=C?
Change Component Designator: OldDesignator=C20 NewDesignator=C?
Change Component Designator: OldDesignator=C21 NewDesignator=C?
Change Component Designator: OldDesignator=CN1 NewDesignator=CN2
Change Component Designator: OldDesignator=cn2 NewDesignator=cn?
Change Component Designator: OldDesignator=mcu-1 NewDesignator=mcu-?
Change Component Designator: OldDesignator=PW1 NewDesignator=PW?
Change Component Designator: OldDesignator=PW2 NewDesignator=PW?
Change Component Designator: OldDesignator=PW3 NewDesignator=PW?
Change Component Designator: OldDesignator=PW4 NewDesignator=PW?
Change Component Designator: OldDesignator=Q18 NewDesignator=Q?
Change Component Designator: OldDesignator=Q19 NewDesignator=Q?
Change Component Designator: OldDesignator=Q20 NewDesignator=Q?
Change Component Designator: OldDesignator=Q21 NewDesignator=Q?
Change Component Designator: OldDesignator=Q22 NewDesignator=Q?
Change Component Designator: OldDesignator=Q23 NewDesignator=Q?
Change Component Designator: OldDesignator=Q24 NewDesignator=Q?
Change Component Designator: OldDesignator=Q25 NewDesignator=Q?
Change Component Designator: OldDesignator=Q26 NewDesignator=Q?
Change Component Designator: OldDesignator=Q27 NewDesignator=Q19
Change Component Designator: OldDesignator=Q28 NewDesignator=Q20
Change Component Designator: OldDesignator=Q29 NewDesignator=Q21
Change Component Designator: OldDesignator=R1 NewDesignator=R21
Change Component Designator: OldDesignator=R2 NewDesignator=R22
Change Component Designator: OldDesignator=R3 NewDesignator=R23
Change Component Designator: OldDesignator=R4 NewDesignator=R24
Change Component Designator: OldDesignator=R5 NewDesignator=R25
Change Component Designator: OldDesignator=R6 NewDesignator=R26
Change Component Designator: OldDesignator=R7 NewDesignator=R27
Change Component Designator: OldDesignator=R8 NewDesignator=R28
Change Component Designator: OldDesignator=R9 NewDesignator=R29
Change Component Designator: OldDesignator=R10 NewDesignator=R30
Change Component Designator: OldDesignator=R11 NewDesignator=R31
Change Component Designator: OldDesignator=R12 NewDesignator=R32
Change Component Designator: OldDesignator=R13 NewDesignator=R33
Change Component Designator: OldDesignator=R14 NewDesignator=R34
Change Component Designator: OldDesignator=R15 NewDesignator=R?
Change Component Designator: OldDesignator=R16 NewDesignator=R?
Change Component Designator: OldDesignator=R17 NewDesignator=R?
Change Component Designator: OldDesignator=R18 NewDesignator=R?
Change Component Designator: OldDesignator=R19 NewDesignator=R?
Change Component Designator: OldDesignator=R20 NewDesignator=R?
Change Component Designator: OldDesignator=R21 NewDesignator=R?
Change Component Designator: OldDesignator=R22 NewDesignator=R?
Change Component Designator: OldDesignator=R23 NewDesignator=R?
Change Component Designator: OldDesignator=R24 NewDesignator=R?
Change Component Designator: OldDesignator=R25 NewDesignator=R?
Change Component Designator: OldDesignator=R26 NewDesignator=R?
Change Component Designator: OldDesignator=R27 NewDesignator=R?
Change Component Designator: OldDesignator=R28 NewDesignator=R?
Change Component Designator: OldDesignator=R29 NewDesignator=R?
Change Component Designator: OldDesignator=R30 NewDesignator=R?
Change Component Designator: OldDesignator=R31 NewDesignator=R?
Change Component Designator: OldDesignator=R32 NewDesignator=R?
Change Component Designator: OldDesignator=R33 NewDesignator=R?
Change Component Designator: OldDesignator=R34 NewDesignator=R?
Change Component Designator: OldDesignator=R35 NewDesignator=R?
Change Component Designator: OldDesignator=R36 NewDesignator=R?
Change Component Designator: OldDesignator=R37 NewDesignator=R?
Change Component Designator: OldDesignator=R38 NewDesignator=R?
Change Component Designator: OldDesignator=R39 NewDesignator=R?
Change Component Designator: OldDesignator=R40 NewDesignator=R?
Change Component Designator: OldDesignator=R41 NewDesignator=R?
Change Component Designator: OldDesignator=R42 NewDesignator=R?
Change Component Designator: OldDesignator=SHT-1 NewDesignator=SHT-?
Change Component Designator: OldDesignator=SW1 NewDesignator=SW?
Change Component Designator: OldDesignator=SW2 NewDesignator=SW?
Change Component Designator: OldDesignator=SW3 NewDesignator=SW?
Change Component Designator: OldDesignator=SW4 NewDesignator=SW?
Change Component Designator: OldDesignator=SW5 NewDesignator=SW?
Change Component Designator: OldDesignator=U1 NewDesignator=U3
Change Component Designator: OldDesignator=U2 NewDesignator=U4
Change Component Designator: OldDesignator=U3 NewDesignator=U5
Change Component Designator: OldDesignator=U4 NewDesignator=U?
Change Component Designator: OldDesignator=U5 NewDesignator=U?
Change Component Designator: OldDesignator=U6 NewDesignator=U?
